Archive member included to satisfy reference by file (symbol)

c:/program files (x86)/gnu arm embedded toolchain/9 2020-q2-update/bin/../lib/gcc/arm-none-eabi/9.3.1/../../../../arm-none-eabi/lib/thumb/v7e-m+fp/hard\libc_nano.a(lib_a-exit.o)
                              c:/program files (x86)/gnu arm embedded toolchain/9 2020-q2-update/bin/../lib/gcc/arm-none-eabi/9.3.1/../../../../arm-none-eabi/lib/thumb/v7e-m+fp/hard/crt0.o (exit)
c:/program files (x86)/gnu arm embedded toolchain/9 2020-q2-update/bin/../lib/gcc/arm-none-eabi/9.3.1/../../../../arm-none-eabi/lib/thumb/v7e-m+fp/hard\libc_nano.a(lib_a-impure.o)
                              c:/program files (x86)/gnu arm embedded toolchain/9 2020-q2-update/bin/../lib/gcc/arm-none-eabi/9.3.1/../../../../arm-none-eabi/lib/thumb/v7e-m+fp/hard\libc_nano.a(lib_a-exit.o) (_global_impure_ptr)
c:/program files (x86)/gnu arm embedded toolchain/9 2020-q2-update/bin/../lib/gcc/arm-none-eabi/9.3.1/../../../../arm-none-eabi/lib/thumb/v7e-m+fp/hard\libc_nano.a(lib_a-init.o)
                              c:/program files (x86)/gnu arm embedded toolchain/9 2020-q2-update/bin/../lib/gcc/arm-none-eabi/9.3.1/../../../../arm-none-eabi/lib/thumb/v7e-m+fp/hard/crt0.o (__libc_init_array)
c:/program files (x86)/gnu arm embedded toolchain/9 2020-q2-update/bin/../lib/gcc/arm-none-eabi/9.3.1/../../../../arm-none-eabi/lib/thumb/v7e-m+fp/hard\libc_nano.a(lib_a-malloc.o)
                              build/usbd_msc.o (malloc)
c:/program files (x86)/gnu arm embedded toolchain/9 2020-q2-update/bin/../lib/gcc/arm-none-eabi/9.3.1/../../../../arm-none-eabi/lib/thumb/v7e-m+fp/hard\libc_nano.a(lib_a-memcpy-stub.o)
                              build/queue.o (memcpy)
c:/program files (x86)/gnu arm embedded toolchain/9 2020-q2-update/bin/../lib/gcc/arm-none-eabi/9.3.1/../../../../arm-none-eabi/lib/thumb/v7e-m+fp/hard\libc_nano.a(lib_a-memset.o)
                              c:/program files (x86)/gnu arm embedded toolchain/9 2020-q2-update/bin/../lib/gcc/arm-none-eabi/9.3.1/../../../../arm-none-eabi/lib/thumb/v7e-m+fp/hard/crt0.o (memset)
c:/program files (x86)/gnu arm embedded toolchain/9 2020-q2-update/bin/../lib/gcc/arm-none-eabi/9.3.1/../../../../arm-none-eabi/lib/thumb/v7e-m+fp/hard\libc_nano.a(lib_a-nano-freer.o)
                              c:/program files (x86)/gnu arm embedded toolchain/9 2020-q2-update/bin/../lib/gcc/arm-none-eabi/9.3.1/../../../../arm-none-eabi/lib/thumb/v7e-m+fp/hard\libc_nano.a(lib_a-malloc.o) (_free_r)
c:/program files (x86)/gnu arm embedded toolchain/9 2020-q2-update/bin/../lib/gcc/arm-none-eabi/9.3.1/../../../../arm-none-eabi/lib/thumb/v7e-m+fp/hard\libc_nano.a(lib_a-nano-mallocr.o)
                              c:/program files (x86)/gnu arm embedded toolchain/9 2020-q2-update/bin/../lib/gcc/arm-none-eabi/9.3.1/../../../../arm-none-eabi/lib/thumb/v7e-m+fp/hard\libc_nano.a(lib_a-malloc.o) (_malloc_r)
c:/program files (x86)/gnu arm embedded toolchain/9 2020-q2-update/bin/../lib/gcc/arm-none-eabi/9.3.1/../../../../arm-none-eabi/lib/thumb/v7e-m+fp/hard\libc_nano.a(lib_a-sbrkr.o)
                              c:/program files (x86)/gnu arm embedded toolchain/9 2020-q2-update/bin/../lib/gcc/arm-none-eabi/9.3.1/../../../../arm-none-eabi/lib/thumb/v7e-m+fp/hard\libc_nano.a(lib_a-nano-mallocr.o) (_sbrk_r)
c:/program files (x86)/gnu arm embedded toolchain/9 2020-q2-update/bin/../lib/gcc/arm-none-eabi/9.3.1/../../../../arm-none-eabi/lib/thumb/v7e-m+fp/hard\libc_nano.a(lib_a-mlock.o)
                              c:/program files (x86)/gnu arm embedded toolchain/9 2020-q2-update/bin/../lib/gcc/arm-none-eabi/9.3.1/../../../../arm-none-eabi/lib/thumb/v7e-m+fp/hard\libc_nano.a(lib_a-nano-freer.o) (__malloc_lock)
c:/program files (x86)/gnu arm embedded toolchain/9 2020-q2-update/bin/../lib/gcc/arm-none-eabi/9.3.1/../../../../arm-none-eabi/lib/thumb/v7e-m+fp/hard\libc_nano.a(lib_a-reent.o)
                              c:/program files (x86)/gnu arm embedded toolchain/9 2020-q2-update/bin/../lib/gcc/arm-none-eabi/9.3.1/../../../../arm-none-eabi/lib/thumb/v7e-m+fp/hard\libc_nano.a(lib_a-sbrkr.o) (errno)
c:/program files (x86)/gnu arm embedded toolchain/9 2020-q2-update/bin/../lib/gcc/arm-none-eabi/9.3.1/../../../../arm-none-eabi/lib/thumb/v7e-m+fp/hard\libc_nano.a(lib_a-lock.o)
                              c:/program files (x86)/gnu arm embedded toolchain/9 2020-q2-update/bin/../lib/gcc/arm-none-eabi/9.3.1/../../../../arm-none-eabi/lib/thumb/v7e-m+fp/hard\libc_nano.a(lib_a-mlock.o) (__retarget_lock_acquire_recursive)
c:/program files (x86)/gnu arm embedded toolchain/9 2020-q2-update/bin/../lib/gcc/arm-none-eabi/9.3.1/../../../../arm-none-eabi/lib/thumb/v7e-m+fp/hard\libnosys.a(sbrk.o)
                              c:/program files (x86)/gnu arm embedded toolchain/9 2020-q2-update/bin/../lib/gcc/arm-none-eabi/9.3.1/../../../../arm-none-eabi/lib/thumb/v7e-m+fp/hard\libc_nano.a(lib_a-sbrkr.o) (_sbrk)
[...]
Memory Configuration

Name             Origin             Length             Attributes
RAM              0x20000000         0x00020000         xrw
CCMRAM           0x10000000         0x00010000         rw
FLASH            0x08000000         0x00100000         xr
*default*        0x00000000         0xffffffff

Linker script and memory map

LOAD c:/program files (x86)/gnu arm embedded toolchain/9 2020-q2-update/bin/../lib/gcc/arm-none-eabi/9.3.1/thumb/v7e-m+fp/hard/crti.o
LOAD c:/program files (x86)/gnu arm embedded toolchain/9 2020-q2-update/bin/../lib/gcc/arm-none-eabi/9.3.1/thumb/v7e-m+fp/hard/crtbegin.o
LOAD c:/program files (x86)/gnu arm embedded toolchain/9 2020-q2-update/bin/../lib/gcc/arm-none-eabi/9.3.1/../../../../arm-none-eabi/lib/thumb/v7e-m+fp/hard/crt0.o
LOAD build/main.o
LOAD build/gpio.o
LOAD build/crc.o
LOAD build/user_diskio.o
LOAD build/fatfs.o
LOAD build/freertos.o
LOAD build/fsmc.o
LOAD build/i2c.o
LOAD build/rtc.o
LOAD build/sdio.o
LOAD build/spi.o
LOAD build/usart.o
LOAD build/usb_device.o
LOAD build/usbd_conf.o
LOAD build/usbd_desc.o
LOAD build/usbd_storage_if.o
LOAD build/stm32f4xx_it.o
LOAD build/stm32f4xx_hal_msp.o
LOAD build/stm32f4xx_hal_pcd.o
LOAD build/stm32f4xx_hal_pcd_ex.o
LOAD build/stm32f4xx_ll_usb.o
LOAD build/stm32f4xx_hal_crc.o
LOAD build/stm32f4xx_ll_fsmc.o
LOAD build/stm32f4xx_hal_sram.o
LOAD build/stm32f4xx_hal_i2c.o
LOAD build/stm32f4xx_hal_i2c_ex.o
LOAD build/stm32f4xx_hal_rtc.o
LOAD build/stm32f4xx_hal_rtc_ex.o
LOAD build/stm32f4xx_ll_sdmmc.o
LOAD build/stm32f4xx_hal_sd.o
LOAD build/stm32f4xx_hal_spi.o
LOAD build/stm32f4xx_hal_tim.o
LOAD build/stm32f4xx_hal_tim_ex.o
LOAD build/stm32f4xx_hal_uart.o
LOAD build/stm32f4xx_hal_rcc.o
LOAD build/stm32f4xx_hal_rcc_ex.o
LOAD build/stm32f4xx_hal_flash.o
LOAD build/stm32f4xx_hal_flash_ex.o
LOAD build/stm32f4xx_hal_flash_ramfunc.o
LOAD build/stm32f4xx_hal_gpio.o
LOAD build/stm32f4xx_hal_dma_ex.o
LOAD build/stm32f4xx_hal_dma.o
LOAD build/stm32f4xx_hal_pwr.o
LOAD build/stm32f4xx_hal_pwr_ex.o
LOAD build/stm32f4xx_hal_cortex.o
LOAD build/stm32f4xx_hal.o
LOAD build/system_stm32f4xx.o
LOAD build/diskio.o
LOAD build/ff.o
LOAD build/ff_gen_drv.o
LOAD build/syscall.o
LOAD build/croutine.o
LOAD build/event_groups.o
LOAD build/list.o
LOAD build/queue.o
LOAD build/tasks.o
LOAD build/timers.o
LOAD build/cmsis_os.o
LOAD build/heap_4.o
LOAD build/port.o
LOAD build/usbd_core.o
LOAD build/usbd_ctlreq.o
LOAD build/usbd_ioreq.o
LOAD build/usbd_msc.o
LOAD build/usbd_msc_bot.o
LOAD build/usbd_msc_data.o
LOAD build/usbd_msc_scsi.o
LOAD build/startup_stm32f407xx.o
LOAD c:/program files (x86)/gnu arm embedded toolchain/9 2020-q2-update/bin/../lib/gcc/arm-none-eabi/9.3.1/../../../../arm-none-eabi/lib/thumb/v7e-m+fp/hard\libc_nano.a
LOAD c:/program files (x86)/gnu arm embedded toolchain/9 2020-q2-update/bin/../lib/gcc/arm-none-eabi/9.3.1/../../../../arm-none-eabi/lib/thumb/v7e-m+fp/hard\libm.a
LOAD c:/program files (x86)/gnu arm embedded toolchain/9 2020-q2-update/bin/../lib/gcc/arm-none-eabi/9.3.1/../../../../arm-none-eabi/lib/thumb/v7e-m+fp/hard\libnosys.a
START GROUP
LOAD c:/program files (x86)/gnu arm embedded toolchain/9 2020-q2-update/bin/../lib/gcc/arm-none-eabi/9.3.1/thumb/v7e-m+fp/hard\libgcc.a
LOAD c:/program files (x86)/gnu arm embedded toolchain/9 2020-q2-update/bin/../lib/gcc/arm-none-eabi/9.3.1/../../../../arm-none-eabi/lib/thumb/v7e-m+fp/hard\libc_nano.a
END GROUP
START GROUP
LOAD c:/program files (x86)/gnu arm embedded toolchain/9 2020-q2-update/bin/../lib/gcc/arm-none-eabi/9.3.1/thumb/v7e-m+fp/hard\libgcc.a
LOAD c:/program files (x86)/gnu arm embedded toolchain/9 2020-q2-update/bin/../lib/gcc/arm-none-eabi/9.3.1/../../../../arm-none-eabi/lib/thumb/v7e-m+fp/hard\libc_nano.a
END GROUP
LOAD c:/program files (x86)/gnu arm embedded toolchain/9 2020-q2-update/bin/../lib/gcc/arm-none-eabi/9.3.1/thumb/v7e-m+fp/hard/crtend.o
LOAD c:/program files (x86)/gnu arm embedded toolchain/9 2020-q2-update/bin/../lib/gcc/arm-none-eabi/9.3.1/thumb/v7e-m+fp/hard/crtn.o
                0x20020000                _estack = 0x20020000
                0x00000200                _Min_Heap_Size = 0x200
                0x00000400                _Min_Stack_Size = 0x400

.isr_vector     0x08000000      0x188
                0x08000000                . = ALIGN (0x4)
 *(.isr_vector)
 .isr_vector    0x08000000      0x188 build/startup_stm32f407xx.o
                0x08000000                g_pfnVectors
                0x08000188                . = ALIGN (0x4)

.text           0x08000190     0x74d8
                0x08000190                . = ALIGN (0x4)
 *(.text)
 .text          0x08000190       0x40 c:/program files (x86)/gnu arm embedded toolchain/9 2020-q2-update/bin/../lib/gcc/arm-none-eabi/9.3.1/thumb/v7e-m+fp/hard/crtbegin.o
 .text          0x080001d0       0x30 c:/program files (x86)/gnu arm embedded toolchain/9 2020-q2-update/bin/../lib/gcc/arm-none-eabi/9.3.1/thumb/v7e-m+fp/hard\libgcc.a(_aeabi_uldivmod.o)
                0x080001d0                __aeabi_uldivmod
 .text          0x08000200      0x2c4 c:/program files (x86)/gnu arm embedded toolchain/9 2020-q2-update/bin/../lib/gcc/arm-none-eabi/9.3.1/thumb/v7e-m+fp/hard\libgcc.a(_udivmoddi4.o)
                0x08000200                __udivmoddi4
 .text          0x080004c4        0x4 c:/program files (x86)/gnu arm embedded toolchain/9 2020-q2-update/bin/../lib/gcc/arm-none-eabi/9.3.1/thumb/v7e-m+fp/hard\libgcc.a(_dvmd_tls.o)
                0x080004c4                __aeabi_idiv0
                0x080004c4                __aeabi_ldiv0
 *(.text*)
 .text.SystemClock_Config
                0x080004c8       0xb4 build/main.o
                0x080004c8                SystemClock_Config
 .text.main     0x0800057c       0x38 build/main.o
                0x0800057c                main
 .text.Error_Handler
                0x080005b4        0x2 build/main.o
                0x080005b4                Error_Handler
 *fill*         0x080005b6        0x2 
 .text.MX_GPIO_Init
                0x080005b8      0x14c build/gpio.o
                0x080005b8                MX_GPIO_Init
 .text.MX_CRC_Init
                0x08000704       0x20 build/crc.o
                0x08000704                MX_CRC_Init
 .text.HAL_CRC_MspInit
                0x08000724       0x30 build/crc.o
                0x08000724                HAL_CRC_MspInit
 .text.USER_initialize
                0x08000754       0x10 build/user_diskio.o
                0x08000754                USER_initialize
 .text.USER_status
                0x08000764       0x10 build/user_diskio.o
                0x08000764                USER_status
 .text.USER_read
                0x08000774        0x4 build/user_diskio.o
                0x08000774                USER_read
 .text.USER_write
                0x08000778        0x4 build/user_diskio.o
                0x08000778                USER_write
 .text.USER_ioctl
                0x0800077c        0x4 build/user_diskio.o
                0x0800077c                USER_ioctl
 .text.MX_FATFS_Init
                0x08000780       0x1c build/fatfs.o
                0x08000780                MX_FATFS_Init
 .text.StartDefaultTask
                0x0800079c       0x12 build/freertos.o
                0x0800079c                StartDefaultTask
 .text.PreSleepProcessing
                0x080007ae        0x2 build/freertos.o
                0x080007ae                PreSleepProcessing
 .text.PostSleepProcessing
                0x080007b0        0x2 build/freertos.o
                0x080007b0                PostSleepProcessing
 *fill*         0x080007b2        0x2 
 .text.MX_FREERTOS_Init
                0x080007b4       0x28 build/freertos.o
                0x080007b4                MX_FREERTOS_Init
 .text.HAL_FSMC_MspInit
                0x080007dc       0xa8 build/fsmc.o
 .text.MX_FSMC_Init
                0x08000884       0x64 build/fsmc.o
                0x08000884                MX_FSMC_Init
 .text.HAL_SRAM_MspInit
                0x080008e8        0x8 build/fsmc.o
                0x080008e8                HAL_SRAM_MspInit
 .text.MX_I2C1_Init
                0x080008f0        0x2 build/i2c.o
                0x080008f0                MX_I2C1_Init
 *fill*         0x080008f2        0x2 
 .text.MX_RTC_Init
                0x080008f4       0x30 build/rtc.o
                0x080008f4                MX_RTC_Init
 .text.HAL_RTC_MspInit
                0x08000924       0x1c build/rtc.o
                0x08000924                HAL_RTC_MspInit
 .text.MX_SDIO_SD_Init
                0x08000940       0x40 build/sdio.o
                0x08000940                MX_SDIO_SD_Init
 .text.HAL_SD_MspInit
                0x08000980       0xa0 build/sdio.o
                0x08000980                HAL_SD_MspInit
 .text.MX_SPI1_Init
                0x08000a20       0x40 build/spi.o
                0x08000a20                MX_SPI1_Init
 .text.HAL_SPI_MspInit
                0x08000a60       0x70 build/spi.o
                0x08000a60                HAL_SPI_MspInit
 .text.MX_USART1_UART_Init
                0x08000ad0       0x34 build/usart.o
                0x08000ad0                MX_USART1_UART_Init
 .text.MX_USART2_UART_Init
                0x08000b04       0x34 build/usart.o
                0x08000b04                MX_USART2_UART_Init
 .text.HAL_UART_MspInit
                0x08000b38       0xcc build/usart.o
                0x08000b38                HAL_UART_MspInit
 .text.MX_USB_DEVICE_Init
                0x08000c04       0x38 build/usb_device.o
                0x08000c04                MX_USB_DEVICE_Init
 .text.HAL_PCD_MspInit
                0x08000c3c       0x68 build/usbd_conf.o
                0x08000c3c                HAL_PCD_MspInit
 .text.HAL_PCD_SetupStageCallback
                0x08000ca4       0x10 build/usbd_conf.o
                0x08000ca4                HAL_PCD_SetupStageCallback
 .text.HAL_PCD_DataOutStageCallback
                0x08000cb4       0x18 build/usbd_conf.o
                0x08000cb4                HAL_PCD_DataOutStageCallback
 .text.HAL_PCD_DataInStageCallback
                0x08000ccc       0x16 build/usbd_conf.o
                0x08000ccc                HAL_PCD_DataInStageCallback
 .text.HAL_PCD_SOFCallback
                0x08000ce2        0xc build/usbd_conf.o
                0x08000ce2                HAL_PCD_SOFCallback
 .text.HAL_PCD_ResetCallback
                0x08000cee       0x20 build/usbd_conf.o
                0x08000cee                HAL_PCD_ResetCallback
 *fill*         0x08000d0e        0x2 
 .text.HAL_PCD_SuspendCallback
                0x08000d10       0x30 build/usbd_conf.o
                0x08000d10                HAL_PCD_SuspendCallback
 .text.HAL_PCD_ResumeCallback
                0x08000d40        0xc build/usbd_conf.o
                0x08000d40                HAL_PCD_ResumeCallback
 .text.HAL_PCD_ISOOUTIncompleteCallback
                0x08000d4c        0xc build/usbd_conf.o
                0x08000d4c                HAL_PCD_ISOOUTIncompleteCallback
 .text.HAL_PCD_ISOINIncompleteCallback
                0x08000d58        0xc build/usbd_conf.o
                0x08000d58                HAL_PCD_ISOINIncompleteCallback
 .text.HAL_PCD_ConnectCallback
                0x08000d64        0xc build/usbd_conf.o
                0x08000d64                HAL_PCD_ConnectCallback
 .text.HAL_PCD_DisconnectCallback
                0x08000d70        0xc build/usbd_conf.o
                0x08000d70                HAL_PCD_DisconnectCallback
 .text.USBD_LL_Init
                0x08000d7c       0x68 build/usbd_conf.o
                0x08000d7c                USBD_LL_Init
 .text.USBD_LL_Start
                0x08000de4       0x1e build/usbd_conf.o
                0x08000de4                USBD_LL_Start
 .text.USBD_LL_OpenEP
                0x08000e02       0x24 build/usbd_conf.o
                0x08000e02                USBD_LL_OpenEP
 .text.USBD_LL_CloseEP
                0x08000e26       0x1e build/usbd_conf.o
                0x08000e26                USBD_LL_CloseEP
 .text.USBD_LL_FlushEP
                0x08000e44       0x1e build/usbd_conf.o
                0x08000e44                USBD_LL_FlushEP
 .text.USBD_LL_StallEP
                0x08000e62       0x1e build/usbd_conf.o
                0x08000e62                USBD_LL_StallEP
 .text.USBD_LL_ClearStallEP
                0x08000e80       0x1e build/usbd_conf.o
                0x08000e80                USBD_LL_ClearStallEP
 .text.USBD_LL_IsStallEP
                0x08000e9e       0x2e build/usbd_conf.o
                0x08000e9e                USBD_LL_IsStallEP
 .text.USBD_LL_SetUSBAddress
                0x08000ecc       0x1e build/usbd_conf.o
                0x08000ecc                USBD_LL_SetUSBAddress
 .text.USBD_LL_Transmit
                0x08000eea       0x1e build/usbd_conf.o
                0x08000eea                USBD_LL_Transmit
 .text.USBD_LL_PrepareReceive
                0x08000f08       0x1e build/usbd_conf.o
                0x08000f08                USBD_LL_PrepareReceive
 .text.USBD_LL_GetRxDataSize
                0x08000f26        0xc build/usbd_conf.o
                0x08000f26                USBD_LL_GetRxDataSize
 *fill*         0x08000f32        0x2 
 .text.USBD_FS_DeviceDescriptor
                0x08000f34        0xc build/usbd_desc.o
                0x08000f34                USBD_FS_DeviceDescriptor
 .text.USBD_FS_LangIDStrDescriptor
                0x08000f40        0xc build/usbd_desc.o
                0x08000f40                USBD_FS_LangIDStrDescriptor
 .text.USBD_FS_ProductStrDescriptor
                0x08000f4c       0x24 build/usbd_desc.o
                0x08000f4c                USBD_FS_ProductStrDescriptor
 .text.USBD_FS_ManufacturerStrDescriptor
                0x08000f70       0x1c build/usbd_desc.o
                0x08000f70                USBD_FS_ManufacturerStrDescriptor
 .text.USBD_FS_SerialStrDescriptor
                0x08000f8c       0x24 build/usbd_desc.o
                0x08000f8c                USBD_FS_SerialStrDescriptor
 .text.USBD_FS_ConfigStrDescriptor
                0x08000fb0       0x24 build/usbd_desc.o
                0x08000fb0                USBD_FS_ConfigStrDescriptor
 .text.USBD_FS_InterfaceStrDescriptor
                0x08000fd4       0x24 build/usbd_desc.o
                0x08000fd4                USBD_FS_InterfaceStrDescriptor
 .text.STORAGE_Init_FS
                0x08000ff8        0x4 build/usbd_storage_if.o
 .text.STORAGE_GetCapacity_FS
                0x08000ffc       0x10 build/usbd_storage_if.o
 .text.STORAGE_IsReady_FS
                0x0800100c        0x4 build/usbd_storage_if.o
 .text.STORAGE_IsWriteProtected_FS
                0x08001010        0x4 build/usbd_storage_if.o
 .text.STORAGE_Read_FS
                0x08001014        0x4 build/usbd_storage_if.o
 .text.STORAGE_Write_FS
                0x08001018        0x4 build/usbd_storage_if.o
 .text.STORAGE_GetMaxLun_FS
                0x0800101c        0x4 build/usbd_storage_if.o
 .text.NMI_Handler
                0x08001020        0x2 build/stm32f4xx_it.o
                0x08001020                NMI_Handler
 .text.HardFault_Handler
                0x08001022        0x2 build/stm32f4xx_it.o
                0x08001022                HardFault_Handler
 .text.MemManage_Handler
                0x08001024        0x2 build/stm32f4xx_it.o
                0x08001024                MemManage_Handler
 .text.BusFault_Handler
                0x08001026        0x2 build/stm32f4xx_it.o
                0x08001026                BusFault_Handler
 .text.UsageFault_Handler
                0x08001028        0x2 build/stm32f4xx_it.o
                0x08001028                UsageFault_Handler
 .text.DebugMon_Handler
                0x0800102a        0x2 build/stm32f4xx_it.o
                0x0800102a                DebugMon_Handler
 .text.SysTick_Handler
                0x0800102c        0xc build/stm32f4xx_it.o
                0x0800102c                SysTick_Handler
 .text.OTG_FS_IRQHandler
                0x08001038       0x10 build/stm32f4xx_it.o
                0x08001038                OTG_FS_IRQHandler
 .text.HAL_MspInit
                0x08001048       0x44 build/stm32f4xx_hal_msp.o
                0x08001048                HAL_MspInit
 .text.PCD_WriteEmptyTxFifo
                0x0800108c       0xac build/stm32f4xx_hal_pcd.o
 .text.HAL_PCD_Init
                0x08001138       0xe0 build/stm32f4xx_hal_pcd.o
                0x08001138                HAL_PCD_Init
 .text.HAL_PCD_Start
                0x08001218       0x2a build/stm32f4xx_hal_pcd.o
                0x08001218                HAL_PCD_Start
 *fill*         0x08001242        0x2 
 .text.HAL_PCD_IRQHandler
                0x08001244      0x5b8 build/stm32f4xx_hal_pcd.o
                0x08001244                HAL_PCD_IRQHandler
 .text.HAL_PCD_SetAddress
                0x080017fc       0x24 build/stm32f4xx_hal_pcd.o
                0x080017fc                HAL_PCD_SetAddress
 .text.HAL_PCD_EP_Open
                0x08001820       0x68 build/stm32f4xx_hal_pcd.o
                0x08001820                HAL_PCD_EP_Open
 .text.HAL_PCD_EP_Close
                0x08001888       0x56 build/stm32f4xx_hal_pcd.o
                0x08001888                HAL_PCD_EP_Close
 .text.HAL_PCD_EP_Receive
                0x080018de       0x5c build/stm32f4xx_hal_pcd.o
                0x080018de                HAL_PCD_EP_Receive
 .text.HAL_PCD_EP_GetRxCount
                0x0800193a       0x12 build/stm32f4xx_hal_pcd.o
                0x0800193a                HAL_PCD_EP_GetRxCount
 .text.HAL_PCD_EP_Transmit
                0x0800194c       0x54 build/stm32f4xx_hal_pcd.o
                0x0800194c                HAL_PCD_EP_Transmit
 .text.HAL_PCD_EP_SetStall
                0x080019a0       0x66 build/stm32f4xx_hal_pcd.o
                0x080019a0                HAL_PCD_EP_SetStall
 .text.HAL_PCD_EP_ClrStall
                0x08001a06       0x56 build/stm32f4xx_hal_pcd.o
                0x08001a06                HAL_PCD_EP_ClrStall
 .text.HAL_PCD_EP_Flush
                0x08001a5c       0x36 build/stm32f4xx_hal_pcd.o
                0x08001a5c                HAL_PCD_EP_Flush
 .text.HAL_PCDEx_SetTxFiFo
                0x08001a92       0x48 build/stm32f4xx_hal_pcd_ex.o
                0x08001a92                HAL_PCDEx_SetTxFiFo
 .text.HAL_PCDEx_SetRxFiFo
                0x08001ada        0x8 build/stm32f4xx_hal_pcd_ex.o
                0x08001ada                HAL_PCDEx_SetRxFiFo
 *fill*         0x08001ae2        0x2 
 .text.USB_CoreReset
                0x08001ae4       0x3c build/stm32f4xx_ll_usb.o
 .text.USB_CoreInit
                0x08001b20       0x7c build/stm32f4xx_ll_usb.o
                0x08001b20                USB_CoreInit
 .text.USB_EnableGlobalInt
                0x08001b9c        0xc build/stm32f4xx_ll_usb.o
                0x08001b9c                USB_EnableGlobalInt
 .text.USB_DisableGlobalInt
                0x08001ba8        0xc build/stm32f4xx_ll_usb.o
                0x08001ba8                USB_DisableGlobalInt
 .text.USB_SetCurrentMode
                0x08001bb4       0x2c build/stm32f4xx_ll_usb.o
                0x08001bb4                USB_SetCurrentMode
 .text.USB_FlushTxFifo
                0x08001be0       0x28 build/stm32f4xx_ll_usb.o
                0x08001be0                USB_FlushTxFifo
 .text.USB_FlushRxFifo
                0x08001c08       0x24 build/stm32f4xx_ll_usb.o
                0x08001c08                USB_FlushRxFifo
 .text.USB_SetDevSpeed
                0x08001c2c        0xe build/stm32f4xx_ll_usb.o
                0x08001c2c                USB_SetDevSpeed
 *fill*         0x08001c3a        0x2 
 .text.USB_DevInit
                0x08001c3c      0x158 build/stm32f4xx_ll_usb.o
                0x08001c3c                USB_DevInit
 .text.USB_GetDevSpeed
                0x08001d94       0x40 build/stm32f4xx_ll_usb.o
                0x08001d94                USB_GetDevSpeed
 .text.USB_ActivateEndpoint
                0x08001dd4       0x92 build/stm32f4xx_ll_usb.o
                0x08001dd4                USB_ActivateEndpoint
 *fill*         0x08001e66        0x2 
 .text.USB_DeactivateEndpoint
                0x08001e68       0xf4 build/stm32f4xx_ll_usb.o
                0x08001e68                USB_DeactivateEndpoint
 .text.USB_EP0StartXfer
                0x08001f5c      0x160 build/stm32f4xx_ll_usb.o
                0x08001f5c                USB_EP0StartXfer
 .text.USB_WritePacket
                0x080020bc       0x28 build/stm32f4xx_ll_usb.o
                0x080020bc                USB_WritePacket
 .text.USB_EPStartXfer
                0x080020e4      0x264 build/stm32f4xx_ll_usb.o
                0x080020e4                USB_EPStartXfer
 .text.USB_ReadPacket
                0x08002348       0x24 build/stm32f4xx_ll_usb.o
                0x08002348                USB_ReadPacket
 .text.USB_EPSetStall
                0x0800236c       0x64 build/stm32f4xx_ll_usb.o
                0x0800236c                USB_EPSetStall
 .text.USB_EPClearStall
                0x080023d0       0x6a build/stm32f4xx_ll_usb.o
                0x080023d0                USB_EPClearStall
 .text.USB_SetDevAddress
                0x0800243a       0x20 build/stm32f4xx_ll_usb.o
                0x0800243a                USB_SetDevAddress
 .text.USB_DevConnect
                0x0800245a       0x18 build/stm32f4xx_ll_usb.o
                0x0800245a                USB_DevConnect
 .text.USB_DevDisconnect
                0x08002472       0x18 build/stm32f4xx_ll_usb.o
                0x08002472                USB_DevDisconnect
 .text.USB_ReadInterrupts
                0x0800248a        0x8 build/stm32f4xx_ll_usb.o
                0x0800248a                USB_ReadInterrupts
 .text.USB_ReadDevAllOutEpInterrupt
                0x08002492       0x10 build/stm32f4xx_ll_usb.o
                0x08002492                USB_ReadDevAllOutEpInterrupt
 .text.USB_ReadDevAllInEpInterrupt
                0x080024a2       0x10 build/stm32f4xx_ll_usb.o
                0x080024a2                USB_ReadDevAllInEpInterrupt
 .text.USB_ReadDevOutEPInterrupt
                0x080024b2       0x12 build/stm32f4xx_ll_usb.o
                0x080024b2                USB_ReadDevOutEPInterrupt
 .text.USB_ReadDevInEPInterrupt
                0x080024c4       0x24 build/stm32f4xx_ll_usb.o
                0x080024c4                USB_ReadDevInEPInterrupt
 .text.USB_GetMode
                0x080024e8        0x8 build/stm32f4xx_ll_usb.o
                0x080024e8                USB_GetMode
 .text.USB_ActivateSetup
                0x080024f0       0x38 build/stm32f4xx_ll_usb.o
                0x080024f0                USB_ActivateSetup
 .text.USB_EP0_OutStart
                0x08002528       0x46 build/stm32f4xx_ll_usb.o
                0x08002528                USB_EP0_OutStart
 .text.HAL_CRC_Init
                0x0800256e       0x22 build/stm32f4xx_hal_crc.o
                0x0800256e                HAL_CRC_Init
 .text.FSMC_NORSRAM_Init
                0x08002590       0x5c build/stm32f4xx_ll_fsmc.o
                0x08002590                FSMC_NORSRAM_Init
 .text.FSMC_NORSRAM_Timing_Init
                0x080025ec       0x40 build/stm32f4xx_ll_fsmc.o
                0x080025ec                FSMC_NORSRAM_Timing_Init
 .text.FSMC_NORSRAM_Extended_Timing_Init
                0x0800262c       0x44 build/stm32f4xx_ll_fsmc.o
                0x0800262c                FSMC_NORSRAM_Extended_Timing_Init
 .text.HAL_SRAM_Init
                0x08002670       0x52 build/stm32f4xx_hal_sram.o
                0x08002670                HAL_SRAM_Init
 .text.HAL_RTC_WaitForSynchro
                0x080026c2       0x32 build/stm32f4xx_hal_rtc.o
                0x080026c2                HAL_RTC_WaitForSynchro
 .text.RTC_EnterInitMode
                0x080026f4       0x3c build/stm32f4xx_hal_rtc.o
                0x080026f4                RTC_EnterInitMode
 .text.HAL_RTC_Init
                0x08002730       0xc4 build/stm32f4xx_hal_rtc.o
                0x08002730                HAL_RTC_Init
 .text.SDMMC_GetCmdError
                0x080027f4       0x3c build/stm32f4xx_ll_sdmmc.o
 .text.SDMMC_GetCmdResp2
                0x08002830       0x58 build/stm32f4xx_ll_sdmmc.o
 .text.SDMMC_GetCmdResp3
                0x08002888       0x48 build/stm32f4xx_ll_sdmmc.o
 .text.SDMMC_GetCmdResp7
                0x080028d0       0x54 build/stm32f4xx_ll_sdmmc.o
 .text.SDIO_Init
                0x08002924       0x38 build/stm32f4xx_ll_sdmmc.o
                0x08002924                SDIO_Init
 .text.SDIO_ReadFIFO
                0x0800295c        0x6 build/stm32f4xx_ll_sdmmc.o
                0x0800295c                SDIO_ReadFIFO
 .text.SDIO_PowerState_ON
                0x08002962        0x8 build/stm32f4xx_ll_sdmmc.o
                0x08002962                SDIO_PowerState_ON
 .text.SDIO_GetPowerState
                0x0800296a        0x8 build/stm32f4xx_ll_sdmmc.o
                0x0800296a                SDIO_GetPowerState
 .text.SDIO_SendCommand
                0x08002972       0x24 build/stm32f4xx_ll_sdmmc.o
                0x08002972                SDIO_SendCommand
 .text.SDIO_GetCommandResponse
                0x08002996        0x6 build/stm32f4xx_ll_sdmmc.o
                0x08002996                SDIO_GetCommandResponse
 .text.SDIO_GetResponse
                0x0800299c       0x14 build/stm32f4xx_ll_sdmmc.o
                0x0800299c                SDIO_GetResponse
 .text.SDMMC_GetCmdResp1
                0x080029b0      0x150 build/stm32f4xx_ll_sdmmc.o
 .text.SDMMC_GetCmdResp6
                0x08002b00       0x9c build/stm32f4xx_ll_sdmmc.o
 .text.SDIO_ConfigData
                0x08002b9c       0x24 build/stm32f4xx_ll_sdmmc.o
                0x08002b9c                SDIO_ConfigData
 .text.SDMMC_CmdBlockLength
                0x08002bc0       0x30 build/stm32f4xx_ll_sdmmc.o
                0x08002bc0                SDMMC_CmdBlockLength
 .text.SDMMC_CmdSelDesel
                0x08002bf0       0x30 build/stm32f4xx_ll_sdmmc.o
                0x08002bf0                SDMMC_CmdSelDesel
 .text.SDMMC_CmdGoIdleState
                0x08002c20       0x26 build/stm32f4xx_ll_sdmmc.o
                0x08002c20                SDMMC_CmdGoIdleState
 .text.SDMMC_CmdOperCond
                0x08002c46       0x2e build/stm32f4xx_ll_sdmmc.o
                0x08002c46                SDMMC_CmdOperCond
 .text.SDMMC_CmdAppCommand
                0x08002c74       0x30 build/stm32f4xx_ll_sdmmc.o
                0x08002c74                SDMMC_CmdAppCommand
 .text.SDMMC_CmdAppOperCommand
                0x08002ca4       0x32 build/stm32f4xx_ll_sdmmc.o
                0x08002ca4                SDMMC_CmdAppOperCommand
 .text.SDMMC_CmdBusWidth
                0x08002cd6       0x30 build/stm32f4xx_ll_sdmmc.o
                0x08002cd6                SDMMC_CmdBusWidth
 .text.SDMMC_CmdSendSCR
                0x08002d06       0x30 build/stm32f4xx_ll_sdmmc.o
                0x08002d06                SDMMC_CmdSendSCR
 .text.SDMMC_CmdSendCID
                0x08002d36       0x2a build/stm32f4xx_ll_sdmmc.o
                0x08002d36                SDMMC_CmdSendCID
 .text.SDMMC_CmdSendCSD
                0x08002d60       0x2a build/stm32f4xx_ll_sdmmc.o
                0x08002d60                SDMMC_CmdSendCSD
 .text.SDMMC_CmdSetRelAdd
                0x08002d8a       0x30 build/stm32f4xx_ll_sdmmc.o
                0x08002d8a                SDMMC_CmdSetRelAdd
 .text.SD_PowerON
                0x08002dba       0xda build/stm32f4xx_hal_sd.o
 .text.SD_FindSCR
                0x08002e94       0xfc build/stm32f4xx_hal_sd.o
 .text.SD_WideBus_Enable
                0x08002f90       0x4e build/stm32f4xx_hal_sd.o
 .text.SD_WideBus_Disable
                0x08002fde       0x4e build/stm32f4xx_hal_sd.o
 .text.HAL_SD_GetCardCSD
                0x0800302c      0x1e4 build/stm32f4xx_hal_sd.o
                0x0800302c                HAL_SD_GetCardCSD
 .text.SD_InitCard
                0x08003210       0xf6 build/stm32f4xx_hal_sd.o
 *fill*         0x08003306        0x2 
 .text.HAL_SD_InitCard
                0x08003308       0x78 build/stm32f4xx_hal_sd.o
                0x08003308                HAL_SD_InitCard
 .text.HAL_SD_Init
                0x08003380       0x32 build/stm32f4xx_hal_sd.o
                0x08003380                HAL_SD_Init
 .text.HAL_SD_ConfigWideBusOperation
                0x080033b2       0xa0 build/stm32f4xx_hal_sd.o
                0x080033b2                HAL_SD_ConfigWideBusOperation
 .text.HAL_SPI_Init
                0x08003452       0x80 build/stm32f4xx_hal_spi.o
                0x08003452                HAL_SPI_Init
 *fill*         0x080034d2        0x2 
 .text.UART_SetConfig
                0x080034d4      0x334 build/stm32f4xx_hal_uart.o
 .text.HAL_UART_Init
                0x08003808       0x5e build/stm32f4xx_hal_uart.o
                0x08003808                HAL_UART_Init
 *fill*         0x08003866        0x2 
 .text.HAL_RCC_OscConfig
                0x08003868      0x398 build/stm32f4xx_hal_rcc.o
                0x08003868                HAL_RCC_OscConfig
 .text.HAL_RCC_GetSysClockFreq
                0x08003c00       0xcc build/stm32f4xx_hal_rcc.o
                0x08003c00                HAL_RCC_GetSysClockFreq
 .text.HAL_RCC_ClockConfig
                0x08003ccc      0x15c build/stm32f4xx_hal_rcc.o
                0x08003ccc                HAL_RCC_ClockConfig
 .text.HAL_RCC_GetHCLKFreq
                0x08003e28        0xc build/stm32f4xx_hal_rcc.o
                0x08003e28                HAL_RCC_GetHCLKFreq
 .text.HAL_RCC_GetPCLK1Freq
                0x08003e34       0x20 build/stm32f4xx_hal_rcc.o
                0x08003e34                HAL_RCC_GetPCLK1Freq
 .text.HAL_RCC_GetPCLK2Freq
                0x08003e54       0x20 build/stm32f4xx_hal_rcc.o
                0x08003e54                HAL_RCC_GetPCLK2Freq
 .text.HAL_RCCEx_PeriphCLKConfig
                0x08003e74      0x154 build/stm32f4xx_hal_rcc_ex.o
                0x08003e74                HAL_RCCEx_PeriphCLKConfig
 .text.HAL_GPIO_Init
                0x08003fc8      0x1cc build/stm32f4xx_hal_gpio.o
                0x08003fc8                HAL_GPIO_Init
 .text.HAL_GPIO_WritePin
                0x08004194        0xc build/stm32f4xx_hal_gpio.o
                0x08004194                HAL_GPIO_WritePin
 .text.HAL_NVIC_SetPriorityGrouping
                0x080041a0       0x24 build/stm32f4xx_hal_cortex.o
                0x080041a0                HAL_NVIC_SetPriorityGrouping
 .text.HAL_NVIC_SetPriority
                0x080041c4       0x68 build/stm32f4xx_hal_cortex.o
                0x080041c4                HAL_NVIC_SetPriority
 .text.HAL_NVIC_EnableIRQ
                0x0800422c       0x18 build/stm32f4xx_hal_cortex.o
                0x0800422c                HAL_NVIC_EnableIRQ
 .text.HAL_SYSTICK_Config
                0x08004244       0x2c build/stm32f4xx_hal_cortex.o
                0x08004244                HAL_SYSTICK_Config
 .text.HAL_InitTick
                0x08004270       0x4c build/stm32f4xx_hal.o
                0x08004270                HAL_InitTick
 .text.HAL_Init
                0x080042bc       0x34 build/stm32f4xx_hal.o
                0x080042bc                HAL_Init
 .text.HAL_IncTick
                0x080042f0       0x18 build/stm32f4xx_hal.o
                0x080042f0                HAL_IncTick
 .text.HAL_GetTick
                0x08004308        0xc build/stm32f4xx_hal.o
                0x08004308                HAL_GetTick
 .text.HAL_Delay
                0x08004314       0x28 build/stm32f4xx_hal.o
                0x08004314                HAL_Delay
 .text.SystemInit
                0x0800433c       0x4c build/system_stm32f4xx.o
                0x0800433c                SystemInit
 .text.FATFS_LinkDriverEx
                0x08004388       0x48 build/ff_gen_drv.o
                0x08004388                FATFS_LinkDriverEx
 .text.FATFS_LinkDriver
                0x080043d0        0xa build/ff_gen_drv.o
                0x080043d0                FATFS_LinkDriver
 .text.vListInitialise
                0x080043da       0x16 build/list.o
                0x080043da                vListInitialise
 .text.vListInitialiseItem
                0x080043f0        0x6 build/list.o
                0x080043f0                vListInitialiseItem
 .text.vListInsertEnd
                0x080043f6       0x16 build/list.o
                0x080043f6                vListInsertEnd
 .text.vListInsert
                0x0800440c       0x32 build/list.o
                0x0800440c                vListInsert
 .text.uxListRemove
                0x0800443e       0x24 build/list.o
                0x0800443e                uxListRemove
 .text.prvIsQueueFull
                0x08004462       0x1e build/queue.o
 .text.prvIsQueueEmpty
                0x08004480       0x1a build/queue.o
 .text.prvCopyDataToQueue
                0x0800449a       0x76 build/queue.o
 .text.prvCopyDataFromQueue
                0x08004510       0x24 build/queue.o
 .text.prvUnlockQueue
                0x08004534       0x6e build/queue.o
 *fill*         0x080045a2        0x2 
 .text.xQueueGenericReset
                0x080045a4       0x84 build/queue.o
                0x080045a4                xQueueGenericReset
 .text.prvInitialiseNewQueue
                0x08004628       0x1c build/queue.o
 .text.xQueueGenericCreate
                0x08004644       0x48 build/queue.o
                0x08004644                xQueueGenericCreate
 .text.xQueueGenericSend
                0x0800468c      0x180 build/queue.o
                0x0800468c                xQueueGenericSend
 .text.xQueueGenericSendFromISR
                0x0800480c       0xce build/queue.o
                0x0800480c                xQueueGenericSendFromISR
 *fill*         0x080048da        0x2 
 .text.xQueueGenericReceive
                0x080048dc      0x1b8 build/queue.o
                0x080048dc                xQueueGenericReceive
 .text.vQueueAddToRegistry
                0x08004a94       0x28 build/queue.o
                0x08004a94                vQueueAddToRegistry
 .text.vQueueWaitForMessageRestricted
                0x08004abc       0x52 build/queue.o
                0x08004abc                vQueueWaitForMessageRestricted
 *fill*         0x08004b0e        0x2 
 .text.prvGetExpectedIdleTime
                0x08004b10       0x44 build/tasks.o
 .text.prvResetNextTaskUnblockTime
                0x08004b54       0x2c build/tasks.o
 .text.prvDeleteTCB
                0x08004b80       0x12 build/tasks.o
 .text.prvInitialiseNewTask
                0x08004b92       0x88 build/tasks.o
 *fill*         0x08004c1a        0x2 
 .text.prvInitialiseTaskLists
                0x08004c1c       0x68 build/tasks.o
 .text.prvAddNewTaskToReadyList
                0x08004c84       0xa8 build/tasks.o
 .text.prvAddCurrentTaskToDelayedList
                0x08004d2c       0x98 build/tasks.o
 .text.xTaskCreate
                0x08004dc4       0x64 build/tasks.o
                0x08004dc4                xTaskCreate
 .text.vTaskStartScheduler
                0x08004e28       0x88 build/tasks.o
                0x08004e28                vTaskStartScheduler
 .text.vTaskSuspendAll
                0x08004eb0       0x10 build/tasks.o
                0x08004eb0                vTaskSuspendAll
 .text.xTaskGetTickCount
                0x08004ec0        0xc build/tasks.o
                0x08004ec0                xTaskGetTickCount
 .text.vTaskStepTick
                0x08004ecc       0x34 build/tasks.o
                0x08004ecc                vTaskStepTick
 .text.xTaskIncrementTick
                0x08004f00      0x118 build/tasks.o
                0x08004f00                xTaskIncrementTick
 .text.xTaskResumeAll
                0x08005018       0xf8 build/tasks.o
                0x08005018                xTaskResumeAll
 .text.vTaskDelay
                0x08005110       0x4c build/tasks.o
                0x08005110                vTaskDelay
 .text.prvCheckTasksWaitingTermination
                0x0800515c       0x5c build/tasks.o
 .text.prvIdleTask
                0x080051b8       0x70 build/tasks.o
 .text.vTaskSwitchContext
                0x08005228       0x98 build/tasks.o
                0x08005228                vTaskSwitchContext
 .text.vTaskPlaceOnEventList
                0x080052c0       0x30 build/tasks.o
                0x080052c0                vTaskPlaceOnEventList
 .text.vTaskPlaceOnEventListRestricted
                0x080052f0       0x38 build/tasks.o
                0x080052f0                vTaskPlaceOnEventListRestricted
 .text.xTaskRemoveFromEventList
                0x08005328       0x90 build/tasks.o
                0x08005328                xTaskRemoveFromEventList
 .text.vTaskSetTimeOutState
                0x080053b8       0x2c build/tasks.o
                0x080053b8                vTaskSetTimeOutState
 .text.xTaskCheckForTimeOut
                0x080053e4       0x80 build/tasks.o
                0x080053e4                xTaskCheckForTimeOut
 .text.vTaskMissedYield
                0x08005464        0xc build/tasks.o
                0x08005464                vTaskMissedYield
 .text.eTaskConfirmSleepModeStatus
                0x08005470       0x3c build/tasks.o
                0x08005470                eTaskConfirmSleepModeStatus
 .text.xTaskGetSchedulerState
                0x080054ac       0x20 build/tasks.o
                0x080054ac                xTaskGetSchedulerState
 .text.vTaskPriorityInherit
                0x080054cc       0xa0 build/tasks.o
                0x080054cc                vTaskPriorityInherit
 .text.xTaskPriorityDisinherit
                0x0800556c       0xb4 build/tasks.o
                0x0800556c                xTaskPriorityDisinherit
 .text.pvTaskIncrementMutexHeldCount
                0x08005620       0x1c build/tasks.o
                0x08005620                pvTaskIncrementMutexHeldCount
 .text.prvGetNextExpireTime
                0x0800563c       0x20 build/timers.o
 .text.prvInsertTimerInActiveList
                0x0800565c       0x48 build/timers.o
 .text.prvCheckForValidListAndQueue
                0x080056a4       0x5c build/timers.o
 .text.xTimerCreateTimerTask
                0x08005700       0x50 build/timers.o
                0x08005700                xTimerCreateTimerTask
 .text.xTimerGenericCommand
                0x08005750       0x6c build/timers.o
                0x08005750                xTimerGenericCommand
 .text.prvSwitchTimerLists
                0x080057bc       0x78 build/timers.o
 .text.prvSampleTimeNow
                0x08005834       0x2c build/timers.o
 .text.prvProcessExpiredTimer
                0x08005860       0x60 build/timers.o
 .text.prvProcessTimerOrBlockTask
                0x080058c0       0x74 build/timers.o
 .text.prvProcessReceivedCommands
                0x08005934       0xe0 build/timers.o
 .text.prvTimerTask
                0x08005a14       0x16 build/timers.o
 .text.makeFreeRtosPriority
                0x08005a2a        0xc build/cmsis_os.o
 .text.osKernelStart
                0x08005a36        0xa build/cmsis_os.o
                0x08005a36                osKernelStart
 .text.osThreadCreate
                0x08005a40       0x34 build/cmsis_os.o
                0x08005a40                osThreadCreate
 .text.osDelay  0x08005a74        0xe build/cmsis_os.o
                0x08005a74                osDelay
 .text.osSystickHandler
                0x08005a82       0x12 build/cmsis_os.o
                0x08005a82                osSystickHandler
 .text.prvHeapInit
                0x08005a94       0x64 build/heap_4.o
 .text.prvInsertBlockIntoFreeList
                0x08005af8       0x58 build/heap_4.o
 .text.pvPortMalloc
                0x08005b50       0xf0 build/heap_4.o
                0x08005b50                pvPortMalloc
 .text.vPortFree
                0x08005c40       0x70 build/heap_4.o
                0x08005c40                vPortFree
 .text.prvTaskExitError
                0x08005cb0       0x34 build/port.o
 .text.prvPortStartFirstTask
                0x08005ce4       0x20 build/port.o
 .text.vPortEnableVFP
                0x08005d04       0x14 build/port.o
 .text.pxPortInitialiseStack
                0x08005d18       0x2c build/port.o
                0x08005d18                pxPortInitialiseStack
 *fill*         0x08005d44        0xc 
 .text.SVC_Handler
                0x08005d50       0x24 build/port.o
                0x08005d50                SVC_Handler
 .text.vPortEnterCritical
                0x08005d74       0x44 build/port.o
                0x08005d74                vPortEnterCritical
 .text.vPortExitCritical
                0x08005db8       0x2c build/port.o
                0x08005db8                vPortExitCritical
 *fill*         0x08005de4        0xc 
 .text.PendSV_Handler
                0x08005df0       0x64 build/port.o
                0x08005df0                PendSV_Handler
 .text.xPortSysTickHandler
                0x08005e54       0x2c build/port.o
                0x08005e54                xPortSysTickHandler
 .text.vPortSuppressTicksAndSleep
                0x08005e80      0x130 build/port.o
                0x08005e80                vPortSuppressTicksAndSleep
 .text.vPortSetupTimerInterrupt
                0x08005fb0       0x4c build/port.o
                0x08005fb0                vPortSetupTimerInterrupt
 .text.xPortStartScheduler
                0x08005ffc       0xec build/port.o
                0x08005ffc                xPortStartScheduler
 .text.vPortValidateInterruptPriority
                0x080060e8       0x5c build/port.o
                0x080060e8                vPortValidateInterruptPriority
 .text.USBD_Init
                0x08006144       0x2e build/usbd_core.o
                0x08006144                USBD_Init
 .text.USBD_RegisterClass
                0x08006172        0xe build/usbd_core.o
                0x08006172                USBD_RegisterClass
 .text.USBD_Start
                0x08006180        0xa build/usbd_core.o
                0x08006180                USBD_Start
 .text.USBD_SetClassConfig
                0x0800618a       0x18 build/usbd_core.o
                0x0800618a                USBD_SetClassConfig
 .text.USBD_ClrClassConfig
                0x080061a2        0xe build/usbd_core.o
                0x080061a2                USBD_ClrClassConfig
 .text.USBD_LL_SetupStage
                0x080061b0       0x5a build/usbd_core.o
                0x080061b0                USBD_LL_SetupStage
 .text.USBD_LL_DataOutStage
                0x0800620a       0x6c build/usbd_core.o
                0x0800620a                USBD_LL_DataOutStage
 .text.USBD_LL_DataInStage
                0x08006276       0xb2 build/usbd_core.o
                0x08006276                USBD_LL_DataInStage
 .text.USBD_LL_Reset
                0x08006328       0x3e build/usbd_core.o
                0x08006328                USBD_LL_Reset
 .text.USBD_LL_SetSpeed
                0x08006366        0x6 build/usbd_core.o
                0x08006366                USBD_LL_SetSpeed
 .text.USBD_LL_Suspend
                0x0800636c       0x12 build/usbd_core.o
                0x0800636c                USBD_LL_Suspend
 .text.USBD_LL_Resume
                0x0800637e        0xc build/usbd_core.o
                0x0800637e                USBD_LL_Resume
 .text.USBD_LL_SOF
                0x0800638a       0x1c build/usbd_core.o
                0x0800638a                USBD_LL_SOF
 .text.USBD_LL_IsoINIncomplete
                0x080063a6        0x4 build/usbd_core.o
                0x080063a6                USBD_LL_IsoINIncomplete
 .text.USBD_LL_IsoOUTIncomplete
                0x080063aa        0x4 build/usbd_core.o
                0x080063aa                USBD_LL_IsoOUTIncomplete
 .text.USBD_LL_DevConnected
                0x080063ae        0x4 build/usbd_core.o
                0x080063ae                USBD_LL_DevConnected
 .text.USBD_LL_DevDisconnected
                0x080063b2       0x16 build/usbd_core.o
                0x080063b2                USBD_LL_DevDisconnected
 .text.USBD_GetLen
                0x080063c8       0x12 build/usbd_ctlreq.o
 .text.USBD_SetFeature
                0x080063da       0x20 build/usbd_ctlreq.o
 .text.USBD_ParseSetupRequest
                0x080063fa       0x28 build/usbd_ctlreq.o
                0x080063fa                USBD_ParseSetupRequest
 .text.USBD_CtlError
                0x08006422       0x14 build/usbd_ctlreq.o
                0x08006422                USBD_CtlError
 .text.USBD_GetDescriptor
                0x08006436      0x132 build/usbd_ctlreq.o
 .text.USBD_SetAddress
                0x08006568       0x4a build/usbd_ctlreq.o
 *fill*         0x080065b2        0x2 
 .text.USBD_SetConfig
                0x080065b4       0xa4 build/usbd_ctlreq.o
 .text.USBD_GetConfig
                0x08006658       0x3a build/usbd_ctlreq.o
 .text.USBD_GetStatus
                0x08006692       0x2c build/usbd_ctlreq.o
 .text.USBD_ClrFeature
                0x080066be       0x30 build/usbd_ctlreq.o
 .text.USBD_StdDevReq
                0x080066ee       0x48 build/usbd_ctlreq.o
                0x080066ee                USBD_StdDevReq
 .text.USBD_StdItfReq
                0x08006736       0x36 build/usbd_ctlreq.o
                0x08006736                USBD_StdItfReq
 .text.USBD_StdEPReq
                0x0800676c      0x11c build/usbd_ctlreq.o
                0x0800676c                USBD_StdEPReq
 .text.USBD_GetString
                0x08006888       0x3a build/usbd_ctlreq.o
                0x08006888                USBD_GetString
 .text.USBD_CtlSendData
                0x080068c2       0x1a build/usbd_ioreq.o
                0x080068c2                USBD_CtlSendData
 .text.USBD_CtlContinueSendData
                0x080068dc       0x10 build/usbd_ioreq.o
                0x080068dc                USBD_CtlContinueSendData
 .text.USBD_CtlContinueRx
                0x080068ec       0x10 build/usbd_ioreq.o
                0x080068ec                USBD_CtlContinueRx
 .text.USBD_CtlSendStatus
                0x080068fc       0x16 build/usbd_ioreq.o
                0x080068fc                USBD_CtlSendStatus
 .text.USBD_CtlReceiveStatus
                0x08006912       0x16 build/usbd_ioreq.o
                0x08006912                USBD_CtlReceiveStatus
 .text.USBD_MSC_GetHSCfgDesc
                0x08006928        0xc build/usbd_msc.o
                0x08006928                USBD_MSC_GetHSCfgDesc
 .text.USBD_MSC_GetFSCfgDesc
                0x08006934        0xc build/usbd_msc.o
                0x08006934                USBD_MSC_GetFSCfgDesc
 .text.USBD_MSC_GetOtherSpeedCfgDesc
                0x08006940        0xc build/usbd_msc.o
                0x08006940                USBD_MSC_GetOtherSpeedCfgDesc
 .text.USBD_MSC_GetDeviceQualifierDescriptor
                0x0800694c        0xc build/usbd_msc.o
                0x0800694c                USBD_MSC_GetDeviceQualifierDescriptor
 .text.USBD_MSC_Init
                0x08006958       0x56 build/usbd_msc.o
                0x08006958                USBD_MSC_Init
 .text.USBD_MSC_DeInit
                0x080069ae       0x2c build/usbd_msc.o
                0x080069ae                USBD_MSC_DeInit
 .text.USBD_MSC_Setup
                0x080069da      0x104 build/usbd_msc.o
                0x080069da                USBD_MSC_Setup
 .text.USBD_MSC_DataIn
                0x08006ade        0xa build/usbd_msc.o
                0x08006ade                USBD_MSC_DataIn
 .text.USBD_MSC_DataOut
                0x08006ae8        0xa build/usbd_msc.o
                0x08006ae8                USBD_MSC_DataOut
 .text.USBD_MSC_RegisterStorage
                0x08006af2        0xa build/usbd_msc.o
                0x08006af2                USBD_MSC_RegisterStorage
 .text.MSC_BOT_Abort
                0x08006afc       0x40 build/usbd_msc_bot.o
 .text.MSC_BOT_SendData
                0x08006b3c       0x30 build/usbd_msc_bot.o
 .text.MSC_BOT_Init
                0x08006b6c       0x3e build/usbd_msc_bot.o
                0x08006b6c                MSC_BOT_Init
 .text.MSC_BOT_Reset
                0x08006baa       0x1a build/usbd_msc_bot.o
                0x08006baa                MSC_BOT_Reset
 .text.MSC_BOT_DeInit
                0x08006bc4        0xa build/usbd_msc_bot.o
                0x08006bc4                MSC_BOT_DeInit
 *fill*         0x08006bce        0x2 
 .text.MSC_BOT_SendCSW
                0x08006bd0       0x38 build/usbd_msc_bot.o
                0x08006bd0                MSC_BOT_SendCSW
 .text.MSC_BOT_DataIn
                0x08006c08       0x3a build/usbd_msc_bot.o
                0x08006c08                MSC_BOT_DataIn
 *fill*         0x08006c42        0x2 
 .text.MSC_BOT_CBW_Decode
                0x08006c44       0xa8 build/usbd_msc_bot.o
 .text.MSC_BOT_DataOut
                0x08006cec       0x32 build/usbd_msc_bot.o
                0x08006cec                MSC_BOT_DataOut
 .text.MSC_BOT_CplClrFeature
                0x08006d1e       0x2c build/usbd_msc_bot.o
                0x08006d1e                MSC_BOT_CplClrFeature
 *fill*         0x08006d4a        0x2 
 .text.SCSI_Inquiry
                0x08006d4c       0x4c build/usbd_msc_scsi.o
 .text.SCSI_ModeSense6
                0x08006d98       0x24 build/usbd_msc_scsi.o
 .text.SCSI_ModeSense10
                0x08006dbc       0x24 build/usbd_msc_scsi.o
 .text.SCSI_RequestSense
                0x08006de0       0x68 build/usbd_msc_scsi.o
 .text.SCSI_StartStopUnit
                0x08006e48        0xa build/usbd_msc_scsi.o
 .text.SCSI_SenseCode
                0x08006e52       0x32 build/usbd_msc_scsi.o
                0x08006e52                SCSI_SenseCode
 .text.SCSI_TestUnitReady
                0x08006e84       0x4a build/usbd_msc_scsi.o
 .text.SCSI_ReadFormatCapacity
                0x08006ece       0x78 build/usbd_msc_scsi.o
 .text.SCSI_ReadCapacity10
                0x08006f46       0x60 build/usbd_msc_scsi.o
 .text.SCSI_CheckAddressRange
                0x08006fa6       0x22 build/usbd_msc_scsi.o
 .text.SCSI_ProcessRead
                0x08006fc8       0x8e build/usbd_msc_scsi.o
 .text.SCSI_Read10
                0x08007056       0xce build/usbd_msc_scsi.o
 .text.SCSI_ProcessWrite
                0x08007124       0x9c build/usbd_msc_scsi.o
 .text.SCSI_Write10
                0x080071c0      0x106 build/usbd_msc_scsi.o
 .text.SCSI_Verify10
                0x080072c6       0x38 build/usbd_msc_scsi.o
 .text.SCSI_ProcessCmd
                0x080072fe       0xbe build/usbd_msc_scsi.o
                0x080072fe                SCSI_ProcessCmd
 .text.Reset_Handler
                0x080073bc       0x50 build/startup_stm32f407xx.o
                0x080073bc                Reset_Handler
 .text.Default_Handler
                0x0800740c        0x2 build/startup_stm32f407xx.o
                0x0800740c                RTC_Alarm_IRQHandler
                0x0800740c                HASH_RNG_IRQHandler
                0x0800740c                EXTI2_IRQHandler
                0x0800740c                TIM8_CC_IRQHandler
                0x0800740c                TIM1_CC_IRQHandler
                0x0800740c                DMA2_Stream5_IRQHandler
                0x0800740c                DMA1_Stream5_IRQHandler
                0x0800740c                PVD_IRQHandler
                0x0800740c                SDIO_IRQHandler
                0x0800740c                TAMP_STAMP_IRQHandler
                0x0800740c                CAN2_RX1_IRQHandler
                0x0800740c                EXTI3_IRQHandler
                0x0800740c                TIM8_TRG_COM_TIM14_IRQHandler
                0x0800740c                TIM1_UP_TIM10_IRQHandler
                0x0800740c                TIM8_UP_TIM13_IRQHandler
                0x0800740c                I2C3_ER_IRQHandler
                0x0800740c                EXTI0_IRQHandler
                0x0800740c                I2C2_EV_IRQHandler
                0x0800740c                DMA1_Stream2_IRQHandler
                0x0800740c                CAN1_RX0_IRQHandler
                0x0800740c                FPU_IRQHandler
                0x0800740c                OTG_HS_WKUP_IRQHandler
                0x0800740c                CAN2_SCE_IRQHandler
                0x0800740c                DMA2_Stream2_IRQHandler
                0x0800740c                SPI1_IRQHandler
                0x0800740c                TIM6_DAC_IRQHandler
                0x0800740c                TIM1_BRK_TIM9_IRQHandler
                0x0800740c                DCMI_IRQHandler
                0x0800740c                CAN2_RX0_IRQHandler
                0x0800740c                DMA2_Stream3_IRQHandler
                0x0800740c                USART6_IRQHandler
                0x0800740c                USART3_IRQHandler
                0x0800740c                CAN1_RX1_IRQHandler
                0x0800740c                UART5_IRQHandler
                0x0800740c                DMA2_Stream0_IRQHandler
                0x0800740c                TIM4_IRQHandler
                0x0800740c                I2C1_EV_IRQHandler
                0x0800740c                DMA1_Stream6_IRQHandler
                0x0800740c                DMA1_Stream1_IRQHandler
                0x0800740c                UART4_IRQHandler
                0x0800740c                TIM3_IRQHandler
                0x0800740c                RCC_IRQHandler
                0x0800740c                TIM8_BRK_TIM12_IRQHandler
                0x0800740c                Default_Handler
                0x0800740c                EXTI15_10_IRQHandler
                0x0800740c                ADC_IRQHandler
                0x0800740c                DMA1_Stream7_IRQHandler
                0x0800740c                TIM7_IRQHandler
                0x0800740c                CAN2_TX_IRQHandler
                0x0800740c                TIM5_IRQHandler
                0x0800740c                DMA2_Stream7_IRQHandler
                0x0800740c                I2C3_EV_IRQHandler
                0x0800740c                EXTI9_5_IRQHandler
                0x0800740c                RTC_WKUP_IRQHandler
                0x0800740c                ETH_WKUP_IRQHandler
                0x0800740c                SPI2_IRQHandler
                0x0800740c                OTG_HS_EP1_IN_IRQHandler
                0x0800740c                DMA1_Stream0_IRQHandler
                0x0800740c                CAN1_TX_IRQHandler
                0x0800740c                EXTI4_IRQHandler
                0x0800740c                FSMC_IRQHandler
                0x0800740c                ETH_IRQHandler
                0x0800740c                OTG_HS_EP1_OUT_IRQHandler
                0x0800740c                WWDG_IRQHandler
                0x0800740c                TIM2_IRQHandler
                0x0800740c                OTG_FS_WKUP_IRQHandler
                0x0800740c                TIM1_TRG_COM_TIM11_IRQHandler
                0x0800740c                OTG_HS_IRQHandler
                0x0800740c                EXTI1_IRQHandler
                0x0800740c                USART2_IRQHandler
                0x0800740c                I2C2_ER_IRQHandler
                0x0800740c                DMA2_Stream1_IRQHandler
                0x0800740c                CAN1_SCE_IRQHandler
                0x0800740c                FLASH_IRQHandler
                0x0800740c                DMA2_Stream4_IRQHandler
                0x0800740c                USART1_IRQHandler
                0x0800740c                SPI3_IRQHandler
                0x0800740c                DMA1_Stream4_IRQHandler
                0x0800740c                I2C1_ER_IRQHandler
                0x0800740c                DMA2_Stream6_IRQHandler
                0x0800740c                DMA1_Stream3_IRQHandler
 *fill*         0x0800740e        0x2 
 .text.__libc_init_array
                0x08007410       0x48 c:/program files (x86)/gnu arm embedded toolchain/9 2020-q2-update/bin/../lib/gcc/arm-none-eabi/9.3.1/../../../../arm-none-eabi/lib/thumb/v7e-m+fp/hard\libc_nano.a(lib_a-init.o)
                0x08007410                __libc_init_array
 .text.malloc   0x08007458       0x10 c:/program files (x86)/gnu arm embedded toolchain/9 2020-q2-update/bin/../lib/gcc/arm-none-eabi/9.3.1/../../../../arm-none-eabi/lib/thumb/v7e-m+fp/hard\libc_nano.a(lib_a-malloc.o)
                0x08007458                malloc
 .text.free     0x08007468       0x10 c:/program files (x86)/gnu arm embedded toolchain/9 2020-q2-update/bin/../lib/gcc/arm-none-eabi/9.3.1/../../../../arm-none-eabi/lib/thumb/v7e-m+fp/hard\libc_nano.a(lib_a-malloc.o)
                0x08007468                free
 .text.memcpy   0x08007478       0x1c c:/program files (x86)/gnu arm embedded toolchain/9 2020-q2-update/bin/../lib/gcc/arm-none-eabi/9.3.1/../../../../arm-none-eabi/lib/thumb/v7e-m+fp/hard\libc_nano.a(lib_a-memcpy-stub.o)
                0x08007478                memcpy
 .text.memset   0x08007494       0x10 c:/program files (x86)/gnu arm embedded toolchain/9 2020-q2-update/bin/../lib/gcc/arm-none-eabi/9.3.1/../../../../arm-none-eabi/lib/thumb/v7e-m+fp/hard\libc_nano.a(lib_a-memset.o)
                0x08007494                memset
 .text._free_r  0x080074a4       0xa0 c:/program files (x86)/gnu arm embedded toolchain/9 2020-q2-update/bin/../lib/gcc/arm-none-eabi/9.3.1/../../../../arm-none-eabi/lib/thumb/v7e-m+fp/hard\libc_nano.a(lib_a-nano-freer.o)
                0x080074a4                _free_r
 .text._malloc_r
                0x08007544       0xb4 c:/program files (x86)/gnu arm embedded toolchain/9 2020-q2-update/bin/../lib/gcc/arm-none-eabi/9.3.1/../../../../arm-none-eabi/lib/thumb/v7e-m+fp/hard\libc_nano.a(lib_a-nano-mallocr.o)
                0x08007544                _malloc_r
 .text._sbrk_r  0x080075f8       0x20 c:/program files (x86)/gnu arm embedded toolchain/9 2020-q2-update/bin/../lib/gcc/arm-none-eabi/9.3.1/../../../../arm-none-eabi/lib/thumb/v7e-m+fp/hard\libc_nano.a(lib_a-sbrkr.o)
                0x080075f8                _sbrk_r
 .text.__malloc_lock
                0x08007618        0xc c:/program files (x86)/gnu arm embedded toolchain/9 2020-q2-update/bin/../lib/gcc/arm-none-eabi/9.3.1/../../../../arm-none-eabi/lib/thumb/v7e-m+fp/hard\libc_nano.a(lib_a-mlock.o)
                0x08007618                __malloc_lock
 .text.__malloc_unlock
                0x08007624        0xc c:/program files (x86)/gnu arm embedded toolchain/9 2020-q2-update/bin/../lib/gcc/arm-none-eabi/9.3.1/../../../../arm-none-eabi/lib/thumb/v7e-m+fp/hard\libc_nano.a(lib_a-mlock.o)
                0x08007624                __malloc_unlock
 .text.__retarget_lock_acquire_recursive
                0x08007630        0x2 c:/program files (x86)/gnu arm embedded toolchain/9 2020-q2-update/bin/../lib/gcc/arm-none-eabi/9.3.1/../../../../arm-none-eabi/lib/thumb/v7e-m+fp/hard\libc_nano.a(lib_a-lock.o)
                0x08007630                __retarget_lock_acquire_recursive
 .text.__retarget_lock_release_recursive
                0x08007632        0x2 c:/program files (x86)/gnu arm embedded toolchain/9 2020-q2-update/bin/../lib/gcc/arm-none-eabi/9.3.1/../../../../arm-none-eabi/lib/thumb/v7e-m+fp/hard\libc_nano.a(lib_a-lock.o)
                0x08007632                __retarget_lock_release_recursive
 .text._sbrk    0x08007634       0x1c c:/program files (x86)/gnu arm embedded toolchain/9 2020-q2-update/bin/../lib/gcc/arm-none-eabi/9.3.1/../../../../arm-none-eabi/lib/thumb/v7e-m+fp/hard\libnosys.a(sbrk.o)
                0x08007634                _sbrk
 *(.glue_7)
 .glue_7        0x08007650        0x0 linker stubs
 *(.glue_7t)
 .glue_7t       0x08007650        0x0 linker stubs
 *(.eh_frame)
 .eh_frame      0x08007650        0x0 c:/program files (x86)/gnu arm embedded toolchain/9 2020-q2-update/bin/../lib/gcc/arm-none-eabi/9.3.1/thumb/v7e-m+fp/hard/crtbegin.o
 *(.init)
 .init          0x08007650        0x4 c:/program files (x86)/gnu arm embedded toolchain/9 2020-q2-update/bin/../lib/gcc/arm-none-eabi/9.3.1/thumb/v7e-m+fp/hard/crti.o
                0x08007650                _init
 .init          0x08007654        0x8 c:/program files (x86)/gnu arm embedded toolchain/9 2020-q2-update/bin/../lib/gcc/arm-none-eabi/9.3.1/thumb/v7e-m+fp/hard/crtn.o
 *(.fini)
 .fini          0x0800765c        0x4 c:/program files (x86)/gnu arm embedded toolchain/9 2020-q2-update/bin/../lib/gcc/arm-none-eabi/9.3.1/thumb/v7e-m+fp/hard/crti.o
                0x0800765c                _fini
 .fini          0x08007660        0x8 c:/program files (x86)/gnu arm embedded toolchain/9 2020-q2-update/bin/../lib/gcc/arm-none-eabi/9.3.1/thumb/v7e-m+fp/hard/crtn.o
                0x08007668                . = ALIGN (0x4)
                0x08007668                _etext = .

.vfp11_veneer   0x08007668        0x0
 .vfp11_veneer  0x08007668        0x0 linker stubs

.v4_bx          0x08007668        0x0
 .v4_bx         0x08007668        0x0 linker stubs

.iplt           0x08007668        0x0
 .iplt          0x08007668        0x0 c:/program files (x86)/gnu arm embedded toolchain/9 2020-q2-update/bin/../lib/gcc/arm-none-eabi/9.3.1/thumb/v7e-m+fp/hard/crtbegin.o

.rodata         0x08007668       0xe0
                0x08007668                . = ALIGN (0x4)
 *(.rodata)
 .rodata        0x08007668       0x14 build/freertos.o
 *(.rodata*)
 .rodata.str1.4
                0x0800767c        0xc build/freertos.o
 .rodata.USBD_FS_ProductStrDescriptor.str1.4
                0x08007688       0x13 build/usbd_desc.o
 *fill*         0x0800769b        0x1 
 .rodata.USBD_FS_ManufacturerStrDescriptor.str1.4
                0x0800769c       0x13 build/usbd_desc.o
 *fill*         0x080076af        0x1 
 .rodata.USBD_FS_SerialStrDescriptor.str1.4
                0x080076b0        0xd build/usbd_desc.o
 *fill*         0x080076bd        0x3 
 .rodata.USBD_FS_ConfigStrDescriptor.str1.4
                0x080076c0        0xb build/usbd_desc.o
 *fill*         0x080076cb        0x1 
 .rodata.USBD_FS_InterfaceStrDescriptor.str1.4
                0x080076cc        0xe build/usbd_desc.o
 *fill*         0x080076da        0x2 
 .rodata.STORAGE_Inquirydata_FS
                0x080076dc       0x24 build/usbd_storage_if.o
                0x080076dc                STORAGE_Inquirydata_FS
 .rodata.AHBPrescTable
                0x08007700       0x10 build/system_stm32f4xx.o
                0x08007700                AHBPrescTable
 .rodata.APBPrescTable
                0x08007710        0x8 build/system_stm32f4xx.o
                0x08007710                APBPrescTable
 .rodata.vTaskStartScheduler.str1.4
                0x08007718        0x5 build/tasks.o
 *fill*         0x0800771d        0x3 
 .rodata.prvCheckForValidListAndQueue.str1.4
                0x08007720        0x5 build/timers.o
 *fill*         0x08007725        0x3 
 .rodata.xTimerCreateTimerTask.str1.4
                0x08007728        0x8 build/timers.o
 .rodata.MSC_Mode_Sense10_data
                0x08007730        0x8 build/usbd_msc_data.o
                0x08007730                MSC_Mode_Sense10_data
 .rodata.MSC_Mode_Sense6_data
                0x08007738        0x8 build/usbd_msc_data.o
                0x08007738                MSC_Mode_Sense6_data
 .rodata.MSC_Page00_Inquiry_Data
                0x08007740        0x7 build/usbd_msc_data.o
                0x08007740                MSC_Page00_Inquiry_Data
                0x08007748                . = ALIGN (0x4)
 *fill*         0x08007747        0x1 

.ARM.extab
 *(.ARM.extab* .gnu.linkonce.armextab.*)

.ARM            0x08007748        0x8
                0x08007748                __exidx_start = .
 *(.ARM.exidx*)
 .ARM.exidx     0x08007748        0x8 c:/program files (x86)/gnu arm embedded toolchain/9 2020-q2-update/bin/../lib/gcc/arm-none-eabi/9.3.1/thumb/v7e-m+fp/hard\libgcc.a(_udivmoddi4.o)
                0x08007750                __exidx_end = .

.rel.dyn        0x08007750        0x0
 .rel.iplt      0x08007750        0x0 c:/program files (x86)/gnu arm embedded toolchain/9 2020-q2-update/bin/../lib/gcc/arm-none-eabi/9.3.1/thumb/v7e-m+fp/hard/crtbegin.o

.preinit_array  0x08007750        0x0
                0x08007750                PROVIDE (__preinit_array_start = .)
 *(.preinit_array*)
                0x08007750                PROVIDE (__preinit_array_end = .)

.init_array     0x08007750        0x4
                0x08007750                PROVIDE (__init_array_start = .)
 *(SORT_BY_NAME(.init_array.*))
 *(.init_array*)
 .init_array    0x08007750        0x4 c:/program files (x86)/gnu arm embedded toolchain/9 2020-q2-update/bin/../lib/gcc/arm-none-eabi/9.3.1/thumb/v7e-m+fp/hard/crtbegin.o
                0x08007754                PROVIDE (__init_array_end = .)

.fini_array     0x08007754        0x4
                [!provide]                PROVIDE (__fini_array_start = .)
 *(SORT_BY_NAME(.fini_array.*))
 *(.fini_array*)
 .fini_array    0x08007754        0x4 c:/program files (x86)/gnu arm embedded toolchain/9 2020-q2-update/bin/../lib/gcc/arm-none-eabi/9.3.1/thumb/v7e-m+fp/hard/crtbegin.o
                [!provide]                PROVIDE (__fini_array_end = .)
                0x08007758                _sidata = LOADADDR (.data)

.data           0x20000000      0x184 load address 0x08007758
                0x20000000                . = ALIGN (0x4)
                0x20000000                _sdata = .
 *(.data)
 *(.data*)
 .data.Stat     0x20000000        0x1 build/user_diskio.o
 *fill*         0x20000001        0x3 
 .data.USER_Driver
                0x20000004       0x14 build/user_diskio.o
                0x20000004                USER_Driver
 .data.FS_Desc  0x20000018       0x1c build/usbd_desc.o
                0x20000018                FS_Desc
 .data.USBD_FS_DeviceDesc
                0x20000034       0x12 build/usbd_desc.o
                0x20000034                USBD_FS_DeviceDesc
 *fill*         0x20000046        0x2 
 .data.USBD_LangIDDesc
                0x20000048        0x4 build/usbd_desc.o
                0x20000048                USBD_LangIDDesc
 .data.USBD_Storage_Interface_fops_FS
                0x2000004c       0x20 build/usbd_storage_if.o
                0x2000004c                USBD_Storage_Interface_fops_FS
 .data.uwTickFreq
                0x2000006c        0x1 build/stm32f4xx_hal.o
                0x2000006c                uwTickFreq
 *fill*         0x2000006d        0x3 
 .data.uwTickPrio
                0x20000070        0x4 build/stm32f4xx_hal.o
                0x20000070                uwTickPrio
 .data.SystemCoreClock
                0x20000074        0x4 build/system_stm32f4xx.o
                0x20000074                SystemCoreClock
 .data.uxCriticalNesting
                0x20000078        0x4 build/port.o
 .data.USBD_MSC
                0x2000007c       0x38 build/usbd_msc.o
                0x2000007c                USBD_MSC
 .data.USBD_MSC_CfgFSDesc
                0x200000b4       0x20 build/usbd_msc.o
                0x200000b4                USBD_MSC_CfgFSDesc
 .data.USBD_MSC_CfgHSDesc
                0x200000d4       0x20 build/usbd_msc.o
                0x200000d4                USBD_MSC_CfgHSDesc
 .data.USBD_MSC_DeviceQualifierDesc
                0x200000f4        0xa build/usbd_msc.o
                0x200000f4                USBD_MSC_DeviceQualifierDesc
 *fill*         0x200000fe        0x2 
 .data.USBD_MSC_OtherSpeedCfgDesc
                0x20000100       0x20 build/usbd_msc.o
                0x20000100                USBD_MSC_OtherSpeedCfgDesc
 .data._impure_ptr
                0x20000120        0x4 c:/program files (x86)/gnu arm embedded toolchain/9 2020-q2-update/bin/../lib/gcc/arm-none-eabi/9.3.1/../../../../arm-none-eabi/lib/thumb/v7e-m+fp/hard\libc_nano.a(lib_a-impure.o)
                0x20000120                _impure_ptr
 .data.impure_data
                0x20000124       0x60 c:/program files (x86)/gnu arm embedded toolchain/9 2020-q2-update/bin/../lib/gcc/arm-none-eabi/9.3.1/../../../../arm-none-eabi/lib/thumb/v7e-m+fp/hard\libc_nano.a(lib_a-impure.o)
                0x20000184                . = ALIGN (0x4)
                0x20000184                _edata = .
                0x080078dc                _siccmram = LOADADDR (.ccmram)

.igot.plt       0x20000184        0x0 load address 0x080078dc
 .igot.plt      0x20000184        0x0 c:/program files (x86)/gnu arm embedded toolchain/9 2020-q2-update/bin/../lib/gcc/arm-none-eabi/9.3.1/thumb/v7e-m+fp/hard/crtbegin.o

.ccmram         0x10000000        0x0 load address 0x080078dc
                0x10000000                . = ALIGN (0x4)
                0x10000000                _sccmram = .
 *(.ccmram)
 *(.ccmram*)
                0x10000000                . = ALIGN (0x4)
                0x10000000                _eccmram = .
                0x10000000                . = ALIGN (0x4)

.bss            0x20000184     0x4c7c
                0x20000184                _sbss = .
                0x20000184                __bss_start__ = _sbss
 *(.bss)
 .bss           0x20000184       0x1c c:/program files (x86)/gnu arm embedded toolchain/9 2020-q2-update/bin/../lib/gcc/arm-none-eabi/9.3.1/thumb/v7e-m+fp/hard/crtbegin.o
 *(.bss*)
 .bss.FSMC_Initialized
                0x200001a0        0x4 build/fsmc.o
 .bss.disk      0x200001a4        0xc build/ff_gen_drv.o
                0x200001a4                disk
 .bss.pxCurrentTCB
                0x200001b0        0x4 build/tasks.o
                0x200001b0                pxCurrentTCB
 .bss.pxDelayedTaskList
                0x200001b4        0x4 build/tasks.o
 .bss.pxOverflowDelayedTaskList
                0x200001b8        0x4 build/tasks.o
 .bss.pxReadyTasksLists
                0x200001bc       0x8c build/tasks.o
 .bss.uxCurrentNumberOfTasks
                0x20000248        0x4 build/tasks.o
 .bss.uxDeletedTasksWaitingCleanUp
                0x2000024c        0x4 build/tasks.o
 .bss.uxPendedTicks
                0x20000250        0x4 build/tasks.o
 .bss.uxSchedulerSuspended
                0x20000254        0x4 build/tasks.o
 .bss.uxTaskNumber
                0x20000258        0x4 build/tasks.o
 .bss.uxTopReadyPriority
                0x2000025c        0x4 build/tasks.o
 .bss.xDelayedTaskList1
                0x20000260       0x14 build/tasks.o
 .bss.xDelayedTaskList2
                0x20000274       0x14 build/tasks.o
 .bss.xIdleTaskHandle
                0x20000288        0x4 build/tasks.o
 .bss.xNextTaskUnblockTime
                0x2000028c        0x4 build/tasks.o
 .bss.xNumOfOverflows
                0x20000290        0x4 build/tasks.o
 .bss.xPendingReadyList
                0x20000294       0x14 build/tasks.o
 .bss.xSchedulerRunning
                0x200002a8        0x4 build/tasks.o
 .bss.xSuspendedTaskList
                0x200002ac       0x14 build/tasks.o
 .bss.xTasksWaitingTermination
                0x200002c0       0x14 build/tasks.o
 .bss.xTickCount
                0x200002d4        0x4 build/tasks.o
 .bss.xYieldPending
                0x200002d8        0x4 build/tasks.o
 .bss.pxCurrentTimerList
                0x200002dc        0x4 build/timers.o
 .bss.pxOverflowTimerList
                0x200002e0        0x4 build/timers.o
 .bss.xActiveTimerList1
                0x200002e4       0x14 build/timers.o
 .bss.xActiveTimerList2
                0x200002f8       0x14 build/timers.o
 .bss.xLastTime.6802
                0x2000030c        0x4 build/timers.o
 .bss.xTimerQueue
                0x20000310        0x4 build/timers.o
 .bss.xTimerTaskHandle
                0x20000314        0x4 build/timers.o
 .bss.pxEnd     0x20000318        0x4 build/heap_4.o
 .bss.ucHeap    0x2000031c     0x3c00 build/heap_4.o
 .bss.xBlockAllocatedBit
                0x20003f1c        0x4 build/heap_4.o
 .bss.xFreeBytesRemaining
                0x20003f20        0x4 build/heap_4.o
 .bss.xMinimumEverFreeBytesRemaining
                0x20003f24        0x4 build/heap_4.o
 .bss.xStart    0x20003f28        0x8 build/heap_4.o
 .bss.ucMaxSysCallPriority
                0x20003f30        0x1 build/port.o
 *fill*         0x20003f31        0x3 
 .bss.ulMaxPRIGROUPValue
                0x20003f34        0x4 build/port.o
 .bss.ulStoppedTimerCompensation
                0x20003f38        0x4 build/port.o
 .bss.ulTimerCountsForOneTick
                0x20003f3c        0x4 build/port.o
 .bss.xMaximumPossibleSuppressedTicks
                0x20003f40        0x4 build/port.o
 .bss.cfgidx.10918
                0x20003f44        0x1 build/usbd_ctlreq.o
 *fill*         0x20003f45        0x3 
 .bss.__malloc_free_list
                0x20003f48        0x4 c:/program files (x86)/gnu arm embedded toolchain/9 2020-q2-update/bin/../lib/gcc/arm-none-eabi/9.3.1/../../../../arm-none-eabi/lib/thumb/v7e-m+fp/hard\libc_nano.a(lib_a-nano-mallocr.o)
                0x20003f48                __malloc_free_list
 .bss.__malloc_sbrk_start
                0x20003f4c        0x4 c:/program files (x86)/gnu arm embedded toolchain/9 2020-q2-update/bin/../lib/gcc/arm-none-eabi/9.3.1/../../../../arm-none-eabi/lib/thumb/v7e-m+fp/hard\libc_nano.a(lib_a-nano-mallocr.o)
                0x20003f4c                __malloc_sbrk_start
 .bss.heap_end.5507
                0x20003f50        0x4 c:/program files (x86)/gnu arm embedded toolchain/9 2020-q2-update/bin/../lib/gcc/arm-none-eabi/9.3.1/../../../../arm-none-eabi/lib/thumb/v7e-m+fp/hard\libnosys.a(sbrk.o)
 *(COMMON)
 COMMON         0x20003f54        0x8 build/crc.o
                0x20003f54                hcrc
 COMMON         0x20003f5c      0x46c build/fatfs.o
                0x20003f5c                USERPath
                0x20003f60                retUSER
                0x20003f64                USERFile
                0x20004194                USERFatFS
 COMMON         0x200043c8        0x4 build/freertos.o
                0x200043c8                defaultTaskHandle
 COMMON         0x200043cc       0x50 build/fsmc.o
                0x200043cc                hsram1
 COMMON         0x2000441c       0x20 build/rtc.o
                0x2000441c                hrtc
 COMMON         0x2000443c       0x84 build/sdio.o
                0x2000443c                hsd
 COMMON         0x200044c0       0x58 build/spi.o
                0x200044c0                hspi1
 COMMON         0x20004518       0x80 build/usart.o
                0x20004518                huart1
                0x20004558                huart2
 COMMON         0x20004598      0x224 build/usb_device.o
                0x20004598                hUsbDeviceFS
 COMMON         0x200047bc      0x3f0 build/usbd_conf.o
                0x200047bc                hpcd_USB_OTG_FS
 COMMON         0x20004bac      0x200 build/usbd_desc.o
                0x20004bac                USBD_StrDesc
 COMMON         0x20004dac        0x4 build/stm32f4xx_hal.o
                0x20004dac                uwTick
 COMMON         0x20004db0       0x40 build/queue.o
                0x20004db0                xQueueRegistry
 COMMON         0x20004df0        0x4 c:/program files (x86)/gnu arm embedded toolchain/9 2020-q2-update/bin/../lib/gcc/arm-none-eabi/9.3.1/../../../../arm-none-eabi/lib/thumb/v7e-m+fp/hard\libc_nano.a(lib_a-reent.o)
                0x20004df0                errno
 COMMON         0x20004df4        0x9 c:/program files (x86)/gnu arm embedded toolchain/9 2020-q2-update/bin/../lib/gcc/arm-none-eabi/9.3.1/../../../../arm-none-eabi/lib/thumb/v7e-m+fp/hard\libc_nano.a(lib_a-lock.o)
                0x20004df4                __lock___atexit_recursive_mutex
                0x20004df5                __lock___arc4random_mutex
                0x20004df6                __lock___env_recursive_mutex
                0x20004df7                __lock___sinit_recursive_mutex
                0x20004df8                __lock___malloc_recursive_mutex
                0x20004df9                __lock___at_quick_exit_mutex
                0x20004dfa                __lock___dd_hash_mutex
                0x20004dfb                __lock___tz_mutex
                0x20004dfc                __lock___sfp_recursive_mutex
                0x20004e00                . = ALIGN (0x4)
 *fill*         0x20004dfd        0x3 
                0x20004e00                _ebss = .
                0x20004e00                __bss_end__ = _ebss

._user_heap_stack
                0x20004e00      0x600
                0x20004e00                . = ALIGN (0x8)
                0x20004e00                PROVIDE (end = .)
                [!provide]                PROVIDE (_end = .)
                0x20005000                . = (. + _Min_Heap_Size)
 *fill*         0x20004e00      0x200 
                0x20005400                . = (. + _Min_Stack_Size)
 *fill*         0x20005000      0x400 
                0x20005400                . = ALIGN (0x8)

/DISCARD/
 libc.a(*)
 libm.a(*)
 libgcc.a(*)

.ARM.attributes
                0x00000000       0x30
 *(.ARM.attributes)
 .ARM.attributes
                0x00000000       0x1e c:/program files (x86)/gnu arm embedded toolchain/9 2020-q2-update/bin/../lib/gcc/arm-none-eabi/9.3.1/thumb/v7e-m+fp/hard/crti.o
 .ARM.attributes
                0x0000001e       0x34 c:/program files (x86)/gnu arm embedded toolchain/9 2020-q2-update/bin/../lib/gcc/arm-none-eabi/9.3.1/thumb/v7e-m+fp/hard/crtbegin.o
 .ARM.attributes
                0x00000052       0x34 build/main.o
 .ARM.attributes
                0x00000086       0x34 build/gpio.o
 .ARM.attributes
                0x000000ba       0x34 build/crc.o
 .ARM.attributes
                0x000000ee       0x34 build/user_diskio.o
 .ARM.attributes
                0x00000122       0x34 build/fatfs.o
 .ARM.attributes
                0x00000156       0x34 build/freertos.o
 .ARM.attributes
                0x0000018a       0x34 build/fsmc.o
 .ARM.attributes
                0x000001be       0x34 build/i2c.o
 .ARM.attributes
                0x000001f2       0x34 build/rtc.o
 .ARM.attributes
                0x00000226       0x34 build/sdio.o
 .ARM.attributes
                0x0000025a       0x34 build/spi.o
 .ARM.attributes
                0x0000028e       0x34 build/usart.o
 .ARM.attributes
                0x000002c2       0x34 build/usb_device.o
 .ARM.attributes
                0x000002f6       0x34 build/usbd_conf.o
 .ARM.attributes
                0x0000032a       0x34 build/usbd_desc.o
 .ARM.attributes
                0x0000035e       0x34 build/usbd_storage_if.o
 .ARM.attributes
                0x00000392       0x34 build/stm32f4xx_it.o
 .ARM.attributes
                0x000003c6       0x34 build/stm32f4xx_hal_msp.o
 .ARM.attributes
                0x000003fa       0x34 build/stm32f4xx_hal_pcd.o
 .ARM.attributes
                0x0000042e       0x34 build/stm32f4xx_hal_pcd_ex.o
 .ARM.attributes
                0x00000462       0x34 build/stm32f4xx_ll_usb.o
 .ARM.attributes
                0x00000496       0x34 build/stm32f4xx_hal_crc.o
 .ARM.attributes
                0x000004ca       0x34 build/stm32f4xx_ll_fsmc.o
 .ARM.attributes
                0x000004fe       0x34 build/stm32f4xx_hal_sram.o
 .ARM.attributes
                0x00000532       0x34 build/stm32f4xx_hal_rtc.o
 .ARM.attributes
                0x00000566       0x34 build/stm32f4xx_ll_sdmmc.o
 .ARM.attributes
                0x0000059a       0x34 build/stm32f4xx_hal_sd.o
 .ARM.attributes
                0x000005ce       0x34 build/stm32f4xx_hal_spi.o
 .ARM.attributes
                0x00000602       0x34 build/stm32f4xx_hal_uart.o
 .ARM.attributes
                0x00000636       0x34 build/stm32f4xx_hal_rcc.o
 .ARM.attributes
                0x0000066a       0x34 build/stm32f4xx_hal_rcc_ex.o
 .ARM.attributes
                0x0000069e       0x34 build/stm32f4xx_hal_gpio.o
 .ARM.attributes
                0x000006d2       0x34 build/stm32f4xx_hal_cortex.o
 .ARM.attributes
                0x00000706       0x34 build/stm32f4xx_hal.o
 .ARM.attributes
                0x0000073a       0x34 build/system_stm32f4xx.o
 .ARM.attributes
                0x0000076e       0x34 build/ff_gen_drv.o
 .ARM.attributes
                0x000007a2       0x34 build/list.o
 .ARM.attributes
                0x000007d6       0x34 build/queue.o
 .ARM.attributes
                0x0000080a       0x34 build/tasks.o
 .ARM.attributes
                0x0000083e       0x34 build/timers.o
 .ARM.attributes
                0x00000872       0x34 build/cmsis_os.o
 .ARM.attributes
                0x000008a6       0x34 build/heap_4.o
 .ARM.attributes
                0x000008da       0x34 build/port.o
 .ARM.attributes
                0x0000090e       0x34 build/usbd_core.o
 .ARM.attributes
                0x00000942       0x34 build/usbd_ctlreq.o
 .ARM.attributes
                0x00000976       0x34 build/usbd_ioreq.o
 .ARM.attributes
                0x000009aa       0x34 build/usbd_msc.o
 .ARM.attributes
                0x000009de       0x34 build/usbd_msc_bot.o
 .ARM.attributes
                0x00000a12       0x39 build/usbd_msc_data.o
 .ARM.attributes
                0x00000a4b       0x34 build/usbd_msc_scsi.o
 .ARM.attributes
                0x00000a7f       0x21 build/startup_stm32f407xx.o
 .ARM.attributes
                0x00000aa0       0x32 c:/program files (x86)/gnu arm embedded toolchain/9 2020-q2-update/bin/../lib/gcc/arm-none-eabi/9.3.1/../../../../arm-none-eabi/lib/thumb/v7e-m+fp/hard\libc_nano.a(lib_a-impure.o)
 .ARM.attributes
                0x00000ad2       0x34 c:/program files (x86)/gnu arm embedded toolchain/9 2020-q2-update/bin/../lib/gcc/arm-none-eabi/9.3.1/../../../../arm-none-eabi/lib/thumb/v7e-m+fp/hard\libc_nano.a(lib_a-init.o)
 .ARM.attributes
                0x00000b06       0x34 c:/program files (x86)/gnu arm embedded toolchain/9 2020-q2-update/bin/../lib/gcc/arm-none-eabi/9.3.1/../../../../arm-none-eabi/lib/thumb/v7e-m+fp/hard\libc_nano.a(lib_a-malloc.o)
 .ARM.attributes
                0x00000b3a       0x34 c:/program files (x86)/gnu arm embedded toolchain/9 2020-q2-update/bin/../lib/gcc/arm-none-eabi/9.3.1/../../../../arm-none-eabi/lib/thumb/v7e-m+fp/hard\libc_nano.a(lib_a-memcpy-stub.o)
 .ARM.attributes
                0x00000b6e       0x34 c:/program files (x86)/gnu arm embedded toolchain/9 2020-q2-update/bin/../lib/gcc/arm-none-eabi/9.3.1/../../../../arm-none-eabi/lib/thumb/v7e-m+fp/hard\libc_nano.a(lib_a-memset.o)
 .ARM.attributes
                0x00000ba2       0x34 c:/program files (x86)/gnu arm embedded toolchain/9 2020-q2-update/bin/../lib/gcc/arm-none-eabi/9.3.1/../../../../arm-none-eabi/lib/thumb/v7e-m+fp/hard\libc_nano.a(lib_a-nano-freer.o)
 .ARM.attributes
                0x00000bd6       0x34 c:/program files (x86)/gnu arm embedded toolchain/9 2020-q2-update/bin/../lib/gcc/arm-none-eabi/9.3.1/../../../../arm-none-eabi/lib/thumb/v7e-m+fp/hard\libc_nano.a(lib_a-nano-mallocr.o)
 .ARM.attributes
                0x00000c0a       0x34 c:/program files (x86)/gnu arm embedded toolchain/9 2020-q2-update/bin/../lib/gcc/arm-none-eabi/9.3.1/../../../../arm-none-eabi/lib/thumb/v7e-m+fp/hard\libc_nano.a(lib_a-sbrkr.o)
 .ARM.attributes
                0x00000c3e       0x34 c:/program files (x86)/gnu arm embedded toolchain/9 2020-q2-update/bin/../lib/gcc/arm-none-eabi/9.3.1/../../../../arm-none-eabi/lib/thumb/v7e-m+fp/hard\libc_nano.a(lib_a-mlock.o)
 .ARM.attributes
                0x00000c72       0x34 c:/program files (x86)/gnu arm embedded toolchain/9 2020-q2-update/bin/../lib/gcc/arm-none-eabi/9.3.1/../../../../arm-none-eabi/lib/thumb/v7e-m+fp/hard\libc_nano.a(lib_a-reent.o)
 .ARM.attributes
                0x00000ca6       0x34 c:/program files (x86)/gnu arm embedded toolchain/9 2020-q2-update/bin/../lib/gcc/arm-none-eabi/9.3.1/../../../../arm-none-eabi/lib/thumb/v7e-m+fp/hard\libc_nano.a(lib_a-lock.o)
 .ARM.attributes
                0x00000cda       0x34 c:/program files (x86)/gnu arm embedded toolchain/9 2020-q2-update/bin/../lib/gcc/arm-none-eabi/9.3.1/../../../../arm-none-eabi/lib/thumb/v7e-m+fp/hard\libnosys.a(sbrk.o)
 .ARM.attributes
                0x00000d0e       0x1e c:/program files (x86)/gnu arm embedded toolchain/9 2020-q2-update/bin/../lib/gcc/arm-none-eabi/9.3.1/thumb/v7e-m+fp/hard\libgcc.a(_aeabi_uldivmod.o)
 .ARM.attributes
                0x00000d2c       0x34 c:/program files (x86)/gnu arm embedded toolchain/9 2020-q2-update/bin/../lib/gcc/arm-none-eabi/9.3.1/thumb/v7e-m+fp/hard\libgcc.a(_udivmoddi4.o)
 .ARM.attributes
                0x00000d60       0x1e c:/program files (x86)/gnu arm embedded toolchain/9 2020-q2-update/bin/../lib/gcc/arm-none-eabi/9.3.1/thumb/v7e-m+fp/hard\libgcc.a(_dvmd_tls.o)
 .ARM.attributes
                0x00000d7e       0x1e c:/program files (x86)/gnu arm embedded toolchain/9 2020-q2-update/bin/../lib/gcc/arm-none-eabi/9.3.1/thumb/v7e-m+fp/hard/crtn.o
OUTPUT(build/F407.elf elf32-littlearm)
LOAD linker stubs
LOAD c:/program files (x86)/gnu arm embedded toolchain/9 2020-q2-update/bin/../lib/gcc/arm-none-eabi/9.3.1/../../../../arm-none-eabi/lib/thumb/v7e-m+fp/hard\libc.a
LOAD c:/program files (x86)/gnu arm embedded toolchain/9 2020-q2-update/bin/../lib/gcc/arm-none-eabi/9.3.1/../../../../arm-none-eabi/lib/thumb/v7e-m+fp/hard\libm.a
LOAD c:/program files (x86)/gnu arm embedded toolchain/9 2020-q2-update/bin/../lib/gcc/arm-none-eabi/9.3.1/thumb/v7e-m+fp/hard\libgcc.a

.debug_info     0x00000000    0x493f2
 .debug_info    0x00000000     0x28b9 build/main.o
 .debug_info    0x000028b9     0x1005 build/gpio.o
 .debug_info    0x000038be      0xefa build/crc.o
 .debug_info    0x000047b8      0xdb9 build/user_diskio.o
 .debug_info    0x00005571      0xfb3 build/fatfs.o
 .debug_info    0x00006524      0xcdf build/freertos.o
 .debug_info    0x00007203     0x161a build/fsmc.o
 .debug_info    0x0000881d      0xac4 build/i2c.o
 .debug_info    0x000092e1      0xf8c build/rtc.o
 .debug_info    0x0000a26d     0x16af build/sdio.o
 .debug_info    0x0000b91c     0x1516 build/spi.o
 .debug_info    0x0000ce32     0x1561 build/usart.o
 .debug_info    0x0000e393     0x11b2 build/usb_device.o
 .debug_info    0x0000f545     0x2898 build/usbd_conf.o
 .debug_info    0x00011ddd      0xf6a build/usbd_desc.o
 .debug_info    0x00012d47     0x1312 build/usbd_storage_if.o
 .debug_info    0x00014059     0x1038 build/stm32f4xx_it.o
 .debug_info    0x00015091      0xf60 build/stm32f4xx_hal_msp.o
 .debug_info    0x00015ff1     0x2172 build/stm32f4xx_hal_pcd.o
 .debug_info    0x00018163     0x1019 build/stm32f4xx_hal_pcd_ex.o
 .debug_info    0x0001917c     0x2505 build/stm32f4xx_ll_usb.o
 .debug_info    0x0001b681      0xdfb build/stm32f4xx_hal_crc.o
 .debug_info    0x0001c47c     0x162b build/stm32f4xx_ll_fsmc.o
 .debug_info    0x0001daa7     0x1799 build/stm32f4xx_hal_sram.o
 .debug_info    0x0001f240     0x1a3e build/stm32f4xx_hal_rtc.o
 .debug_info    0x00020c7e     0x235a build/stm32f4xx_ll_sdmmc.o
 .debug_info    0x00022fd8     0x314e build/stm32f4xx_hal_sd.o
 .debug_info    0x00026126     0x27c2 build/stm32f4xx_hal_spi.o
 .debug_info    0x000288e8     0x2479 build/stm32f4xx_hal_uart.o
 .debug_info    0x0002ad61     0x155b build/stm32f4xx_hal_rcc.o
 .debug_info    0x0002c2bc     0x10e9 build/stm32f4xx_hal_rcc_ex.o
 .debug_info    0x0002d3a5     0x123b build/stm32f4xx_hal_gpio.o
 .debug_info    0x0002e5e0     0x1b57 build/stm32f4xx_hal_cortex.o
 .debug_info    0x00030137     0x1492 build/stm32f4xx_hal.o
 .debug_info    0x000315c9      0xf61 build/system_stm32f4xx.o
 .debug_info    0x0003252a      0xe5e build/ff_gen_drv.o
 .debug_info    0x00033388      0xc99 build/list.o
 .debug_info    0x00034021     0x2498 build/queue.o
 .debug_info    0x000364b9     0x310a build/tasks.o
 .debug_info    0x000395c3     0x1bd8 build/timers.o
 .debug_info    0x0003b19b     0x2a30 build/cmsis_os.o
 .debug_info    0x0003dbcb      0xe30 build/heap_4.o
 .debug_info    0x0003e9fb      0x72b build/port.o
 .debug_info    0x0003f126     0x1804 build/usbd_core.o
 .debug_info    0x0004092a     0x1989 build/usbd_ctlreq.o
 .debug_info    0x000422b3     0x127a build/usbd_ioreq.o
 .debug_info    0x0004352d     0x1a4a build/usbd_msc.o
 .debug_info    0x00044f77     0x19a5 build/usbd_msc_bot.o
 .debug_info    0x0004691c      0xb13 build/usbd_msc_data.o
 .debug_info    0x0004742f     0x1fa1 build/usbd_msc_scsi.o
 .debug_info    0x000493d0       0x22 build/startup_stm32f407xx.o

.debug_abbrev   0x00000000     0x91c4
 .debug_abbrev  0x00000000      0x2dc build/main.o
 .debug_abbrev  0x000002dc      0x239 build/gpio.o
 .debug_abbrev  0x00000515      0x273 build/crc.o
 .debug_abbrev  0x00000788      0x25d build/user_diskio.o
 .debug_abbrev  0x000009e5      0x251 build/fatfs.o
 .debug_abbrev  0x00000c36      0x291 build/freertos.o
 .debug_abbrev  0x00000ec7      0x281 build/fsmc.o
 .debug_abbrev  0x00001148      0x1b6 build/i2c.o
 .debug_abbrev  0x000012fe      0x26d build/rtc.o
 .debug_abbrev  0x0000156b      0x28e build/sdio.o
 .debug_abbrev  0x000017f9      0x27b build/spi.o
 .debug_abbrev  0x00001a74      0x27b build/usart.o
 .debug_abbrev  0x00001cef      0x22d build/usb_device.o
 .debug_abbrev  0x00001f1c      0x33a build/usbd_conf.o
 .debug_abbrev  0x00002256      0x295 build/usbd_desc.o
 .debug_abbrev  0x000024eb      0x2af build/usbd_storage_if.o
 .debug_abbrev  0x0000279a      0x250 build/stm32f4xx_it.o
 .debug_abbrev  0x000029ea      0x235 build/stm32f4xx_hal_msp.o
 .debug_abbrev  0x00002c1f      0x39f build/stm32f4xx_hal_pcd.o
 .debug_abbrev  0x00002fbe      0x26e build/stm32f4xx_hal_pcd_ex.o
 .debug_abbrev  0x0000322c      0x37c build/stm32f4xx_ll_usb.o
 .debug_abbrev  0x000035a8      0x2e4 build/stm32f4xx_hal_crc.o
 .debug_abbrev  0x0000388c      0x2bd build/stm32f4xx_ll_fsmc.o
 .debug_abbrev  0x00003b49      0x2cf build/stm32f4xx_hal_sram.o
 .debug_abbrev  0x00003e18      0x32d build/stm32f4xx_hal_rtc.o
 .debug_abbrev  0x00004145      0x31a build/stm32f4xx_ll_sdmmc.o
 .debug_abbrev  0x0000445f      0x381 build/stm32f4xx_hal_sd.o
 .debug_abbrev  0x000047e0      0x370 build/stm32f4xx_hal_spi.o
 .debug_abbrev  0x00004b50      0x3cb build/stm32f4xx_hal_uart.o
 .debug_abbrev  0x00004f1b      0x37f build/stm32f4xx_hal_rcc.o
 .debug_abbrev  0x0000529a      0x2b5 build/stm32f4xx_hal_rcc_ex.o
 .debug_abbrev  0x0000554f      0x30a build/stm32f4xx_hal_gpio.o
 .debug_abbrev  0x00005859      0x457 build/stm32f4xx_hal_cortex.o
 .debug_abbrev  0x00005cb0      0x325 build/stm32f4xx_hal.o
 .debug_abbrev  0x00005fd5      0x21a build/system_stm32f4xx.o
 .debug_abbrev  0x000061ef      0x2b7 build/ff_gen_drv.o
 .debug_abbrev  0x000064a6      0x23e build/list.o
 .debug_abbrev  0x000066e4      0x400 build/queue.o
 .debug_abbrev  0x00006ae4      0x464 build/tasks.o
 .debug_abbrev  0x00006f48      0x353 build/timers.o
 .debug_abbrev  0x0000729b      0x44a build/cmsis_os.o
 .debug_abbrev  0x000076e5      0x36d build/heap_4.o
 .debug_abbrev  0x00007a52      0x2bd build/port.o
 .debug_abbrev  0x00007d0f      0x334 build/usbd_core.o
 .debug_abbrev  0x00008043      0x387 build/usbd_ctlreq.o
 .debug_abbrev  0x000083ca      0x229 build/usbd_ioreq.o
 .debug_abbrev  0x000085f3      0x326 build/usbd_msc.o
 .debug_abbrev  0x00008919      0x338 build/usbd_msc_bot.o
 .debug_abbrev  0x00008c51      0x1b7 build/usbd_msc_data.o
 .debug_abbrev  0x00008e08      0x3aa build/usbd_msc_scsi.o
 .debug_abbrev  0x000091b2       0x12 build/startup_stm32f407xx.o

.debug_loc      0x00000000    0x1aed3
 .debug_loc     0x00000000       0x59 build/main.o
 .debug_loc     0x00000059       0x39 build/gpio.o
 .debug_loc     0x00000092       0x4c build/crc.o
 .debug_loc     0x000000de       0xb9 build/user_diskio.o
 .debug_loc     0x00000197       0x20 build/fatfs.o
 .debug_loc     0x000001b7       0x7d build/freertos.o
 .debug_loc     0x00000234      0x126 build/fsmc.o
 .debug_loc     0x0000035a       0x20 build/rtc.o
 .debug_loc     0x0000037a      0x108 build/sdio.o
 .debug_loc     0x00000482      0x108 build/spi.o
 .debug_loc     0x0000058a      0x162 build/usart.o
 .debug_loc     0x000006ec       0x20 build/usb_device.o
 .debug_loc     0x0000070c     0x101b build/usbd_conf.o
 .debug_loc     0x00001727      0x3b9 build/usbd_desc.o
 .debug_loc     0x00001ae0       0xde build/usbd_storage_if.o
 .debug_loc     0x00001bbe       0x40 build/stm32f4xx_it.o
 .debug_loc     0x00001bfe       0x38 build/stm32f4xx_hal_msp.o
 .debug_loc     0x00001c36     0x10f9 build/stm32f4xx_hal_pcd.o
 .debug_loc     0x00002d2f       0xfb build/stm32f4xx_hal_pcd_ex.o
 .debug_loc     0x00002e2a     0x1de2 build/stm32f4xx_ll_usb.o
 .debug_loc     0x00004c0c      0x253 build/stm32f4xx_hal_crc.o
 .debug_loc     0x00004e5f      0x970 build/stm32f4xx_ll_fsmc.o
 .debug_loc     0x000057cf      0xb9d build/stm32f4xx_hal_sram.o
 .debug_loc     0x0000636c      0xed3 build/stm32f4xx_hal_rtc.o
 .debug_loc     0x0000723f     0x16cd build/stm32f4xx_ll_sdmmc.o
 .debug_loc     0x0000890c     0x275f build/stm32f4xx_hal_sd.o
 .debug_loc     0x0000b06b     0x2390 build/stm32f4xx_hal_spi.o
 .debug_loc     0x0000d3fb     0x1d83 build/stm32f4xx_hal_uart.o
 .debug_loc     0x0000f17e      0x698 build/stm32f4xx_hal_rcc.o
 .debug_loc     0x0000f816      0x473 build/stm32f4xx_hal_rcc_ex.o
 .debug_loc     0x0000fc89      0x5bd build/stm32f4xx_hal_gpio.o
 .debug_loc     0x00010246      0x7d4 build/stm32f4xx_hal_cortex.o
 .debug_loc     0x00010a1a      0x1cc build/stm32f4xx_hal.o
 .debug_loc     0x00010be6      0x16c build/system_stm32f4xx.o
 .debug_loc     0x00010d52      0x311 build/ff_gen_drv.o
 .debug_loc     0x00011063       0xe5 build/list.o
 .debug_loc     0x00011148     0x1570 build/queue.o
 .debug_loc     0x000126b8     0x1feb build/tasks.o
 .debug_loc     0x000146a3      0xebb build/timers.o
 .debug_loc     0x0001555e     0x1b48 build/cmsis_os.o
 .debug_loc     0x000170a6      0x3b5 build/heap_4.o
 .debug_loc     0x0001745b      0x2ae build/port.o
 .debug_loc     0x00017709      0x9e3 build/usbd_core.o
 .debug_loc     0x000180ec      0xee2 build/usbd_ctlreq.o
 .debug_loc     0x00018fce      0x364 build/usbd_ioreq.o
 .debug_loc     0x00019332      0x4dc build/usbd_msc.o
 .debug_loc     0x0001980e      0x584 build/usbd_msc_bot.o
 .debug_loc     0x00019d92     0x1141 build/usbd_msc_scsi.o

.debug_aranges  0x00000000     0x1c98
 .debug_aranges
                0x00000000       0x30 build/main.o
 .debug_aranges
                0x00000030       0x20 build/gpio.o
 .debug_aranges
                0x00000050       0x30 build/crc.o
 .debug_aranges
                0x00000080       0x40 build/user_diskio.o
 .debug_aranges
                0x000000c0       0x28 build/fatfs.o
 .debug_aranges
                0x000000e8       0x38 build/freertos.o
 .debug_aranges
                0x00000120       0x40 build/fsmc.o
 .debug_aranges
                0x00000160       0x20 build/i2c.o
 .debug_aranges
                0x00000180       0x30 build/rtc.o
 .debug_aranges
                0x000001b0       0x30 build/sdio.o
 .debug_aranges
                0x000001e0       0x30 build/spi.o
 .debug_aranges
                0x00000210       0x38 build/usart.o
 .debug_aranges